
Optional file libmchp_peripheral.a not found
Archive member included because of file (symbol)

c:/program files/microchip/xc32/v2.40/bin/bin/../../lib/gcc/pic32mx/4.8.3/../../../../pic32mx/lib/fpu64\libpic32.a(memcpy.o)
                              build/pic32mz_ef_sk_Inst_1/production/_ext/1854679915/nvm.o (memcpy)
c:/program files/microchip/xc32/v2.40/bin/bin/../../lib/gcc/pic32mx/4.8.3/../../../../pic32mx/lib/fpu64\libpic32.a(default-bootstrap-exception-handler.o)
                              C:\Users\afaid\AppData\Local\Temp\cckyG4Xv.o (_bootstrap_exception_handler)
c:/program files/microchip/xc32/v2.40/bin/bin/../../lib/gcc/pic32mx/4.8.3/../../../../pic32mx/lib/fpu64\libpic32.a(default-on-reset.o)
                              C:\Users\afaid\AppData\Local\Temp\cckyG4Xv.o (_on_reset)
c:/program files/microchip/xc32/v2.40/bin/bin/../../lib/gcc/pic32mx/4.8.3/../../../../pic32mx/lib/fpu64\libpic32.a(default-on-bootstrap.o)
                              C:\Users\afaid\AppData\Local\Temp\cckyG4Xv.o (_on_bootstrap)
c:/program files/microchip/xc32/v2.40/bin/bin/../../lib/gcc/pic32mx/4.8.3/../../../../pic32mx/lib/fpu64\libpic32.a(default-nmi-handler.o)
                              C:\Users\afaid\AppData\Local\Temp\cckyG4Xv.o (_nmi_handler)
c:/program files/microchip/xc32/v2.40/bin/bin/../../lib/gcc/pic32mx/4.8.3/../../../../pic32mx/lib/fpu64\libpic32.a(pic32_data_init.o)
                              C:\Users\afaid\AppData\Local\Temp\cckyG4Xv.o (__pic32_data_init)
c:/program files/microchip/xc32/v2.40/bin/bin/../../lib/gcc/pic32mx/4.8.3/../../../../pic32mx/lib/fpu64\libpic32.a(pic32_init_cache.o)
                              C:\Users\afaid\AppData\Local\Temp\cckyG4Xv.o (__pic32_init_cache)
c:/program files/microchip/xc32/v2.40/bin/bin/../../lib/gcc/pic32mx/4.8.3/../../../../pic32mx/lib/fpu64\libpic32.a(general-exception.o)
                              C:\Users\afaid\AppData\Local\Temp\cckyG4Xv.o (_general_exception_context)
c:/program files/microchip/xc32/v2.40/bin/bin/../../lib/gcc/pic32mx/4.8.3/../../../../pic32mx/lib/fpu64\libpic32.a(cache-err-exception.o)
                              C:\Users\afaid\AppData\Local\Temp\cckyG4Xv.o (_cache_err_exception_context)
c:/program files/microchip/xc32/v2.40/bin/bin/../../lib/gcc/pic32mx/4.8.3/../../../../pic32mx/lib/fpu64\libpic32.a(simple-tlb-refill-exception.o)
                              C:\Users\afaid\AppData\Local\Temp\cckyG4Xv.o (_simple_tlb_refill_exception_context)
c:/program files/microchip/xc32/v2.40/bin/bin/../../lib/gcc/pic32mx/4.8.3/../../../../pic32mx/lib/fpu64\libpic32.a(defaultinterrupt.o)
                              C:\Users\afaid\AppData\Local\Temp\ccEETkpD.o (_DefaultInterrupt)
c:/program files/microchip/xc32/v2.40/bin/bin/../../lib/gcc/pic32mx/4.8.3/../../../../pic32mx/lib/fpu64\libpic32.a(default-cache-err-exception-handler.o)
                              c:/program files/microchip/xc32/v2.40/bin/bin/../../lib/gcc/pic32mx/4.8.3/../../../../pic32mx/lib/fpu64\libpic32.a(cache-err-exception.o) (_cache_err_exception_handler)
c:/program files/microchip/xc32/v2.40/bin/bin/../../lib/gcc/pic32mx/4.8.3/../../../../pic32mx/lib/fpu64\libpic32.a(default-simple-tlb-refill-exception-handler.o)
                              c:/program files/microchip/xc32/v2.40/bin/bin/../../lib/gcc/pic32mx/4.8.3/../../../../pic32mx/lib/fpu64\libpic32.a(simple-tlb-refill-exception.o) (_simple_tlb_refill_exception_handler)

Allocating common symbols
Common symbol       size              file

_context            0x4               build/pic32mz_ef_sk_Inst_1/production/_ext/1136722066/drv_usart_mapping.o
_txMaxSize          0x4               build/pic32mz_ef_sk_Inst_1/production/_ext/1136722066/drv_usart_mapping.o
appData             0x4               build/pic32mz_ef_sk_Inst_1/production/_ext/1360937237/app.o
_rxCurSize          0x4               build/pic32mz_ef_sk_Inst_1/production/_ext/1136722066/drv_usart_mapping.o
gDrvUSART0Obj       0x4               build/pic32mz_ef_sk_Inst_1/production/_ext/1136722066/drv_usart_static.o
sysObj              0x4               build/pic32mz_ef_sk_Inst_1/production/_ext/1786459361/system_init.o
_bufferHandle       0x4               build/pic32mz_ef_sk_Inst_1/production/_ext/1136722066/drv_usart_mapping.o
_txCurPos           0x4               build/pic32mz_ef_sk_Inst_1/production/_ext/1136722066/drv_usart_mapping.o
handler             0x4               build/pic32mz_ef_sk_Inst_1/production/_ext/1136722066/drv_usart_mapping.o
_txBuffer           0x4               build/pic32mz_ef_sk_Inst_1/production/_ext/1136722066/drv_usart_mapping.o
sysDevconObj        0x8               build/pic32mz_ef_sk_Inst_1/production/_ext/1009006589/sys_devcon.o
_rxBuffer           0x4               build/pic32mz_ef_sk_Inst_1/production/_ext/1136722066/drv_usart_mapping.o
_rxMaxSize          0x4               build/pic32mz_ef_sk_Inst_1/production/_ext/1136722066/drv_usart_mapping.o
[...]
Memory Configuration

Name             Origin             Length             Attributes
kseg1_boot_mem   0x9d000010         0x00000480
kseg0_program_mem 0x9d000490         0x000ffb80         xr
kseg0_boot_mem   0x9d000010         0x00000000
kseg0_data_mem   0x80000000         0x00080000         w !x
sfrs             0xbf800000         0x00100000
kseg2_ebi_data_mem 0xc0000000         0x04000000
kseg2_sqi_data_mem 0xd0000000         0x04000000
kseg3_ebi_data_mem 0xe0000000         0x04000000
kseg3_sqi_data_mem 0xf0000000         0x04000000
*default*        0x00000000         0xffffffff

Linker script and memory map

LOAD c:/program files/microchip/xc32/v2.40/bin/bin/../../lib/gcc/pic32mx/4.8.3/../../../../pic32mx/lib/fpu64\debug-exception-return.o
LOAD build/pic32mz_ef_sk_Inst_1/production/_ext/1640318959/bsp.o
LOAD build/pic32mz_ef_sk_Inst_1/production/_ext/1136722066/drv_usart_mapping.o
LOAD build/pic32mz_ef_sk_Inst_1/production/_ext/1136722066/drv_usart_static.o
LOAD build/pic32mz_ef_sk_Inst_1/production/_ext/1136722066/drv_usart_static_byte_model.o
LOAD build/pic32mz_ef_sk_Inst_1/production/_ext/1780309302/sys_clk_pic32mz.o
LOAD build/pic32mz_ef_sk_Inst_1/production/_ext/1009006589/sys_devcon.o
LOAD build/pic32mz_ef_sk_Inst_1/production/_ext/1009006589/sys_devcon_pic32mz.o
LOAD build/pic32mz_ef_sk_Inst_1/production/_ext/1009006589/sys_devcon_cache_pic32mz.o
LOAD build/pic32mz_ef_sk_Inst_1/production/_ext/12326810/sys_ports_static.o
LOAD build/pic32mz_ef_sk_Inst_1/production/_ext/878487331/sys_reset.o
LOAD build/pic32mz_ef_sk_Inst_1/production/_ext/1786459361/system_init.o
LOAD build/pic32mz_ef_sk_Inst_1/production/_ext/1786459361/system_interrupt.o
LOAD build/pic32mz_ef_sk_Inst_1/production/_ext/1786459361/system_exceptions.o
LOAD build/pic32mz_ef_sk_Inst_1/production/_ext/1786459361/system_tasks.o
LOAD build/pic32mz_ef_sk_Inst_1/production/_ext/1360937237/app.o
LOAD build/pic32mz_ef_sk_Inst_1/production/_ext/1360937237/main.o
LOAD build/pic32mz_ef_sk_Inst_1/production/_ext/682638542/datastream.o
LOAD build/pic32mz_ef_sk_Inst_1/production/_ext/682638542/datastream_usart.o
LOAD build/pic32mz_ef_sk_Inst_1/production/_ext/1854679915/bootloader.o
LOAD build/pic32mz_ef_sk_Inst_1/production/_ext/1854679915/nvm.o
LOAD build/pic32mz_ef_sk_Inst_1/production/_ext/711155467/sys_int_pic32.o
LOAD ..\..\..\..\..\..\bin\framework\peripheral\PIC32MZ2048EFH144_peripherals.a
                0x00000001                __MPLAB_BUILD = 0x1
LOAD c:/program files/microchip/xc32/v2.40/bin/bin/../../lib/gcc/pic32mx/4.8.3/../../../../pic32mx/lib/./proc/32MZ2048EFM144\processor.o
START GROUP
LOAD libmchp_peripheral.a
END GROUP
START GROUP
LOAD c:/program files/microchip/xc32/v2.40/bin/bin/../../lib/gcc/pic32mx/4.8.3/../../../../pic32mx/lib/./proc/32MZ2048EFM144\vector_offset_init.o
END GROUP
                0x00000001                PROVIDE (_vector_spacing, 0x1)
                0x9d001000                PROVIDE (_ebase_address, 0x9d001000)
                0x9d000010                _RESET_ADDR = 0x9d000010
                0x9d001000                _SIMPLE_TLB_REFILL_EXCPT_ADDR = (_ebase_address + 0x0)
                0x9d001100                _CACHE_ERR_EXCPT_ADDR = (_ebase_address + 0x100)
                0x9d001180                _GEN_EXCPT_ADDR = (_ebase_address + 0x180)

.reset          0x9d000010      0x1c4
 *(.reset)
 .reset         0x9d000010       0x18 C:\Users\afaid\AppData\Local\Temp\cckyG4Xv.o
                0x9d000010                _reset
 *(.reset.startup)
 .reset.startup
                0x9d000028      0x1ac C:\Users\afaid\AppData\Local\Temp\cckyG4Xv.o
                0x9d000028                _startup

.simple_tlb_refill_excpt
                0x9d001000       0x10
 *(.simple_tlb_refill_vector)
 .simple_tlb_refill_vector
                0x9d001000       0x10 C:\Users\afaid\AppData\Local\Temp\cckyG4Xv.o

.cache_err_excpt
                0x9d001100       0x10
 *(.cache_err_vector)
 .cache_err_vector
                0x9d001100       0x10 C:\Users\afaid\AppData\Local\Temp\cckyG4Xv.o

.app_excpt      0x9d001180       0x10
 *(.gen_handler)
 .gen_handler   0x9d001180       0x10 C:\Users\afaid\AppData\Local\Temp\cckyG4Xv.o

.vectors        0x9d001200       0x48
                0x00000200                __vector_offset_0 = DEFINED (__vector_dispatch_0)?(. - _ebase_address):__vector_offset_default
 *(.vector_0)
                0x00000200                __vector_offset_1 = DEFINED (__vector_dispatch_1)?(. - _ebase_address):__vector_offset_default
 *(.vector_1)
                0x00000200                __vector_offset_2 = DEFINED (__vector_dispatch_2)?(. - _ebase_address):__vector_offset_default
 *(.vector_2)
                0x00000200                __vector_offset_3 = DEFINED (__vector_dispatch_3)?(. - _ebase_address):__vector_offset_default
 *(.vector_3)
                0x00000200                __vector_offset_4 = DEFINED (__vector_dispatch_4)?(. - _ebase_address):__vector_offset_default
 *(.vector_4)
                0x00000200                __vector_offset_5 = DEFINED (__vector_dispatch_5)?(. - _ebase_address):__vector_offset_default
 *(.vector_5)
                0x00000200                __vector_offset_6 = DEFINED (__vector_dispatch_6)?(. - _ebase_address):__vector_offset_default
 *(.vector_6)
                0x00000200                __vector_offset_7 = DEFINED (__vector_dispatch_7)?(. - _ebase_address):__vector_offset_default
 *(.vector_7)
                0x00000200                __vector_offset_8 = DEFINED (__vector_dispatch_8)?(. - _ebase_address):__vector_offset_default
 *(.vector_8)
                0x00000200                __vector_offset_9 = DEFINED (__vector_dispatch_9)?(. - _ebase_address):__vector_offset_default
 *(.vector_9)
                0x00000200                __vector_offset_10 = DEFINED (__vector_dispatch_10)?(. - _ebase_address):__vector_offset_default
 *(.vector_10)
                0x00000200                __vector_offset_11 = DEFINED (__vector_dispatch_11)?(. - _ebase_address):__vector_offset_default
 *(.vector_11)
                0x00000200                __vector_offset_12 = DEFINED (__vector_dispatch_12)?(. - _ebase_address):__vector_offset_default
 *(.vector_12)
                0x00000200                __vector_offset_13 = DEFINED (__vector_dispatch_13)?(. - _ebase_address):__vector_offset_default
 *(.vector_13)
                0x00000200                __vector_offset_14 = DEFINED (__vector_dispatch_14)?(. - _ebase_address):__vector_offset_default
 *(.vector_14)
                0x00000200                __vector_offset_15 = DEFINED (__vector_dispatch_15)?(. - _ebase_address):__vector_offset_default
 *(.vector_15)
                0x00000200                __vector_offset_16 = DEFINED (__vector_dispatch_16)?(. - _ebase_address):__vector_offset_default
 *(.vector_16)
                0x00000200                __vector_offset_17 = DEFINED (__vector_dispatch_17)?(. - _ebase_address):__vector_offset_default
 *(.vector_17)
                0x00000200                __vector_offset_18 = DEFINED (__vector_dispatch_18)?(. - _ebase_address):__vector_offset_default
 *(.vector_18)
                0x00000200                __vector_offset_19 = DEFINED (__vector_dispatch_19)?(. - _ebase_address):__vector_offset_default
 *(.vector_19)
                0x00000200                __vector_offset_20 = DEFINED (__vector_dispatch_20)?(. - _ebase_address):__vector_offset_default
 *(.vector_20)
                0x00000200                __vector_offset_21 = DEFINED (__vector_dispatch_21)?(. - _ebase_address):__vector_offset_default
 *(.vector_21)
                0x00000200                __vector_offset_22 = DEFINED (__vector_dispatch_22)?(. - _ebase_address):__vector_offset_default
 *(.vector_22)
                0x00000200                __vector_offset_23 = DEFINED (__vector_dispatch_23)?(. - _ebase_address):__vector_offset_default
 *(.vector_23)
                0x00000200                __vector_offset_24 = DEFINED (__vector_dispatch_24)?(. - _ebase_address):__vector_offset_default
 *(.vector_24)
                0x00000200                __vector_offset_25 = DEFINED (__vector_dispatch_25)?(. - _ebase_address):__vector_offset_default
 *(.vector_25)
                0x00000200                __vector_offset_26 = DEFINED (__vector_dispatch_26)?(. - _ebase_address):__vector_offset_default
 *(.vector_26)
                0x00000200                __vector_offset_27 = DEFINED (__vector_dispatch_27)?(. - _ebase_address):__vector_offset_default
 *(.vector_27)
                0x00000200                __vector_offset_28 = DEFINED (__vector_dispatch_28)?(. - _ebase_address):__vector_offset_default
 *(.vector_28)
                0x00000200                __vector_offset_29 = DEFINED (__vector_dispatch_29)?(. - _ebase_address):__vector_offset_default
 *(.vector_29)
                0x00000200                __vector_offset_30 = DEFINED (__vector_dispatch_30)?(. - _ebase_address):__vector_offset_default
 *(.vector_30)
                0x00000200                __vector_offset_31 = DEFINED (__vector_dispatch_31)?(. - _ebase_address):__vector_offset_default
 *(.vector_31)
                0x00000200                __vector_offset_32 = DEFINED (__vector_dispatch_32)?(. - _ebase_address):__vector_offset_default
 *(.vector_32)
                0x00000200                __vector_offset_33 = DEFINED (__vector_dispatch_33)?(. - _ebase_address):__vector_offset_default
 *(.vector_33)
                0x00000200                __vector_offset_34 = DEFINED (__vector_dispatch_34)?(. - _ebase_address):__vector_offset_default
 *(.vector_34)
                0x00000200                __vector_offset_35 = DEFINED (__vector_dispatch_35)?(. - _ebase_address):__vector_offset_default
 *(.vector_35)
                0x00000200                __vector_offset_36 = DEFINED (__vector_dispatch_36)?(. - _ebase_address):__vector_offset_default
 *(.vector_36)
                0x00000200                __vector_offset_37 = DEFINED (__vector_dispatch_37)?(. - _ebase_address):__vector_offset_default
 *(.vector_37)
                0x00000200                __vector_offset_38 = DEFINED (__vector_dispatch_38)?(. - _ebase_address):__vector_offset_default
 *(.vector_38)
                0x00000200                __vector_offset_39 = DEFINED (__vector_dispatch_39)?(. - _ebase_address):__vector_offset_default
 *(.vector_39)
                0x00000200                __vector_offset_40 = DEFINED (__vector_dispatch_40)?(. - _ebase_address):__vector_offset_default
 *(.vector_40)
                0x00000200                __vector_offset_41 = DEFINED (__vector_dispatch_41)?(. - _ebase_address):__vector_offset_default
 *(.vector_41)
                0x00000200                __vector_offset_42 = DEFINED (__vector_dispatch_42)?(. - _ebase_address):__vector_offset_default
 *(.vector_42)
                0x00000200                __vector_offset_43 = DEFINED (__vector_dispatch_43)?(. - _ebase_address):__vector_offset_default
 *(.vector_43)
                0x00000200                __vector_offset_44 = DEFINED (__vector_dispatch_44)?(. - _ebase_address):__vector_offset_default
 *(.vector_44)
                0x00000200                __vector_offset_45 = DEFINED (__vector_dispatch_45)?(. - _ebase_address):__vector_offset_default
 *(.vector_45)
                0x00000200                __vector_offset_46 = DEFINED (__vector_dispatch_46)?(. - _ebase_address):__vector_offset_default
 *(.vector_46)
                0x00000200                __vector_offset_47 = DEFINED (__vector_dispatch_47)?(. - _ebase_address):__vector_offset_default
 *(.vector_47)
                0x00000200                __vector_offset_48 = DEFINED (__vector_dispatch_48)?(. - _ebase_address):__vector_offset_default
 *(.vector_48)
                0x00000200                __vector_offset_49 = DEFINED (__vector_dispatch_49)?(. - _ebase_address):__vector_offset_default
 *(.vector_49)
                0x00000200                __vector_offset_50 = DEFINED (__vector_dispatch_50)?(. - _ebase_address):__vector_offset_default
 *(.vector_50)
                0x00000200                __vector_offset_51 = DEFINED (__vector_dispatch_51)?(. - _ebase_address):__vector_offset_default
 *(.vector_51)
                0x00000200                __vector_offset_52 = DEFINED (__vector_dispatch_52)?(. - _ebase_address):__vector_offset_default
 *(.vector_52)
                0x00000200                __vector_offset_53 = DEFINED (__vector_dispatch_53)?(. - _ebase_address):__vector_offset_default
 *(.vector_53)
                0x00000200                __vector_offset_54 = DEFINED (__vector_dispatch_54)?(. - _ebase_address):__vector_offset_default
 *(.vector_54)
                0x00000200                __vector_offset_55 = DEFINED (__vector_dispatch_55)?(. - _ebase_address):__vector_offset_default
 *(.vector_55)
                0x00000200                __vector_offset_56 = DEFINED (__vector_dispatch_56)?(. - _ebase_address):__vector_offset_default
 *(.vector_56)
                0x00000200                __vector_offset_57 = DEFINED (__vector_dispatch_57)?(. - _ebase_address):__vector_offset_default
 *(.vector_57)
                0x00000200                __vector_offset_58 = DEFINED (__vector_dispatch_58)?(. - _ebase_address):__vector_offset_default
 *(.vector_58)
                0x00000200                __vector_offset_59 = DEFINED (__vector_dispatch_59)?(. - _ebase_address):__vector_offset_default
 *(.vector_59)
                0x00000200                __vector_offset_60 = DEFINED (__vector_dispatch_60)?(. - _ebase_address):__vector_offset_default
 *(.vector_60)
                0x00000200                __vector_offset_61 = DEFINED (__vector_dispatch_61)?(. - _ebase_address):__vector_offset_default
 *(.vector_61)
                0x00000200                __vector_offset_62 = DEFINED (__vector_dispatch_62)?(. - _ebase_address):__vector_offset_default
 *(.vector_62)
                0x00000200                __vector_offset_63 = DEFINED (__vector_dispatch_63)?(. - _ebase_address):__vector_offset_default
 *(.vector_63)
                0x00000200                __vector_offset_64 = DEFINED (__vector_dispatch_64)?(. - _ebase_address):__vector_offset_default
 *(.vector_64)
                0x00000200                __vector_offset_65 = DEFINED (__vector_dispatch_65)?(. - _ebase_address):__vector_offset_default
 *(.vector_65)
                0x00000200                __vector_offset_66 = DEFINED (__vector_dispatch_66)?(. - _ebase_address):__vector_offset_default
 *(.vector_66)
                0x00000200                __vector_offset_67 = DEFINED (__vector_dispatch_67)?(. - _ebase_address):__vector_offset_default
 *(.vector_67)
                0x00000200                __vector_offset_68 = DEFINED (__vector_dispatch_68)?(. - _ebase_address):__vector_offset_default
 *(.vector_68)
                0x00000200                __vector_offset_69 = DEFINED (__vector_dispatch_69)?(. - _ebase_address):__vector_offset_default
 *(.vector_69)
                0x00000200                __vector_offset_70 = DEFINED (__vector_dispatch_70)?(. - _ebase_address):__vector_offset_default
 *(.vector_70)
                0x00000200                __vector_offset_71 = DEFINED (__vector_dispatch_71)?(. - _ebase_address):__vector_offset_default
 *(.vector_71)
                0x00000200                __vector_offset_72 = DEFINED (__vector_dispatch_72)?(. - _ebase_address):__vector_offset_default
 *(.vector_72)
                0x00000200                __vector_offset_73 = DEFINED (__vector_dispatch_73)?(. - _ebase_address):__vector_offset_default
 *(.vector_73)
                0x00000200                __vector_offset_74 = DEFINED (__vector_dispatch_74)?(. - _ebase_address):__vector_offset_default
 *(.vector_74)
                0x00000200                __vector_offset_75 = DEFINED (__vector_dispatch_75)?(. - _ebase_address):__vector_offset_default
 *(.vector_75)
                0x00000200                __vector_offset_76 = DEFINED (__vector_dispatch_76)?(. - _ebase_address):__vector_offset_default
 *(.vector_76)
                0x00000200                __vector_offset_77 = DEFINED (__vector_dispatch_77)?(. - _ebase_address):__vector_offset_default
 *(.vector_77)
                0x00000200                __vector_offset_78 = DEFINED (__vector_dispatch_78)?(. - _ebase_address):__vector_offset_default
 *(.vector_78)
                0x00000200                __vector_offset_79 = DEFINED (__vector_dispatch_79)?(. - _ebase_address):__vector_offset_default
 *(.vector_79)
                0x00000200                __vector_offset_80 = DEFINED (__vector_dispatch_80)?(. - _ebase_address):__vector_offset_default
 *(.vector_80)
                0x00000200                __vector_offset_81 = DEFINED (__vector_dispatch_81)?(. - _ebase_address):__vector_offset_default
 *(.vector_81)
                0x00000200                __vector_offset_82 = DEFINED (__vector_dispatch_82)?(. - _ebase_address):__vector_offset_default
 *(.vector_82)
                0x00000200                __vector_offset_83 = DEFINED (__vector_dispatch_83)?(. - _ebase_address):__vector_offset_default
 *(.vector_83)
                0x00000200                __vector_offset_84 = DEFINED (__vector_dispatch_84)?(. - _ebase_address):__vector_offset_default
 *(.vector_84)
                0x00000200                __vector_offset_85 = DEFINED (__vector_dispatch_85)?(. - _ebase_address):__vector_offset_default
 *(.vector_85)
                0x00000200                __vector_offset_86 = DEFINED (__vector_dispatch_86)?(. - _ebase_address):__vector_offset_default
 *(.vector_86)
                0x00000200                __vector_offset_87 = DEFINED (__vector_dispatch_87)?(. - _ebase_address):__vector_offset_default
 *(.vector_87)
                0x00000200                __vector_offset_88 = DEFINED (__vector_dispatch_88)?(. - _ebase_address):__vector_offset_default
 *(.vector_88)
                0x00000200                __vector_offset_89 = DEFINED (__vector_dispatch_89)?(. - _ebase_address):__vector_offset_default
 *(.vector_89)
                0x00000200                __vector_offset_90 = DEFINED (__vector_dispatch_90)?(. - _ebase_address):__vector_offset_default
 *(.vector_90)
                0x00000200                __vector_offset_91 = DEFINED (__vector_dispatch_91)?(. - _ebase_address):__vector_offset_default
 *(.vector_91)
                0x00000200                __vector_offset_92 = DEFINED (__vector_dispatch_92)?(. - _ebase_address):__vector_offset_default
 *(.vector_92)
                0x00000200                __vector_offset_93 = DEFINED (__vector_dispatch_93)?(. - _ebase_address):__vector_offset_default
 *(.vector_93)
                0x00000200                __vector_offset_94 = DEFINED (__vector_dispatch_94)?(. - _ebase_address):__vector_offset_default
 *(.vector_94)
                0x00000200                __vector_offset_95 = DEFINED (__vector_dispatch_95)?(. - _ebase_address):__vector_offset_default
 *(.vector_95)
                0x00000200                __vector_offset_96 = DEFINED (__vector_dispatch_96)?(. - _ebase_address):__vector_offset_default
 *(.vector_96)
                0x00000200                __vector_offset_97 = DEFINED (__vector_dispatch_97)?(. - _ebase_address):__vector_offset_default
 *(.vector_97)
                0x00000200                __vector_offset_98 = DEFINED (__vector_dispatch_98)?(. - _ebase_address):__vector_offset_default
 *(.vector_98)
                0x00000200                __vector_offset_99 = DEFINED (__vector_dispatch_99)?(. - _ebase_address):__vector_offset_default
 *(.vector_99)
                0x00000200                __vector_offset_100 = DEFINED (__vector_dispatch_100)?(. - _ebase_address):__vector_offset_default
 *(.vector_100)
                0x00000200                __vector_offset_101 = DEFINED (__vector_dispatch_101)?(. - _ebase_address):__vector_offset_default
 *(.vector_101)
                0x00000200                __vector_offset_102 = DEFINED (__vector_dispatch_102)?(. - _ebase_address):__vector_offset_default
 *(.vector_102)
                0x00000200                __vector_offset_103 = DEFINED (__vector_dispatch_103)?(. - _ebase_address):__vector_offset_default
 *(.vector_103)
                0x00000200                __vector_offset_104 = DEFINED (__vector_dispatch_104)?(. - _ebase_address):__vector_offset_default
 *(.vector_104)
                0x00000200                __vector_offset_105 = DEFINED (__vector_dispatch_105)?(. - _ebase_address):__vector_offset_default
 *(.vector_105)
                0x00000200                __vector_offset_106 = DEFINED (__vector_dispatch_106)?(. - _ebase_address):__vector_offset_default
 *(.vector_106)
                0x00000200                __vector_offset_107 = DEFINED (__vector_dispatch_107)?(. - _ebase_address):__vector_offset_default
 *(.vector_107)
                0x00000200                __vector_offset_108 = DEFINED (__vector_dispatch_108)?(. - _ebase_address):__vector_offset_default
 *(.vector_108)
                0x00000200                __vector_offset_109 = DEFINED (__vector_dispatch_109)?(. - _ebase_address):__vector_offset_default
 *(.vector_109)
                0x00000200                __vector_offset_110 = DEFINED (__vector_dispatch_110)?(. - _ebase_address):__vector_offset_default
 *(.vector_110)
                0x00000200                __vector_offset_111 = DEFINED (__vector_dispatch_111)?(. - _ebase_address):__vector_offset_default
 *(.vector_111)
                0x00000200                __vector_offset_112 = DEFINED (__vector_dispatch_112)?(. - _ebase_address):__vector_offset_default
 *(.vector_112)
                0x00000200                __vector_offset_113 = DEFINED (__vector_dispatch_113)?(. - _ebase_address):__vector_offset_default
 *(.vector_113)
                0x00000200                __vector_offset_114 = DEFINED (__vector_dispatch_114)?(. - _ebase_address):__vector_offset_default
 *(.vector_114)
                0x00000200                __vector_offset_115 = DEFINED (__vector_dispatch_115)?(. - _ebase_address):__vector_offset_default
 *(.vector_115)
                0x00000200                __vector_offset_116 = DEFINED (__vector_dispatch_116)?(. - _ebase_address):__vector_offset_default
 *(.vector_116)
                0x00000200                __vector_offset_117 = DEFINED (__vector_dispatch_117)?(. - _ebase_address):__vector_offset_default
 *(.vector_117)
                0x00000200                __vector_offset_118 = DEFINED (__vector_dispatch_118)?(. - _ebase_address):__vector_offset_default
 *(.vector_118)
                0x00000200                __vector_offset_119 = DEFINED (__vector_dispatch_119)?(. - _ebase_address):__vector_offset_default
 *(.vector_119)
                0x00000200                __vector_offset_120 = DEFINED (__vector_dispatch_120)?(. - _ebase_address):__vector_offset_default
 *(.vector_120)
                0x00000200                __vector_offset_121 = DEFINED (__vector_dispatch_121)?(. - _ebase_address):__vector_offset_default
 *(.vector_121)
                0x00000200                __vector_offset_122 = DEFINED (__vector_dispatch_122)?(. - _ebase_address):__vector_offset_default
 *(.vector_122)
                0x00000200                __vector_offset_123 = DEFINED (__vector_dispatch_123)?(. - _ebase_address):__vector_offset_default
 *(.vector_123)
                0x00000200                __vector_offset_124 = DEFINED (__vector_dispatch_124)?(. - _ebase_address):__vector_offset_default
 *(.vector_124)
                0x00000200                __vector_offset_125 = DEFINED (__vector_dispatch_125)?(. - _ebase_address):__vector_offset_default
 *(.vector_125)
                0x00000200                __vector_offset_126 = DEFINED (__vector_dispatch_126)?(. - _ebase_address):__vector_offset_default
 *(.vector_126)
                0x00000200                __vector_offset_127 = DEFINED (__vector_dispatch_127)?(. - _ebase_address):__vector_offset_default
 *(.vector_127)
                0x00000200                __vector_offset_128 = DEFINED (__vector_dispatch_128)?(. - _ebase_address):__vector_offset_default
 *(.vector_128)
                0x00000200                __vector_offset_129 = DEFINED (__vector_dispatch_129)?(. - _ebase_address):__vector_offset_default
 *(.vector_129)
                0x00000200                __vector_offset_130 = DEFINED (__vector_dispatch_130)?(. - _ebase_address):__vector_offset_default
 *(.vector_130)
                0x00000200                __vector_offset_131 = DEFINED (__vector_dispatch_131)?(. - _ebase_address):__vector_offset_default
 *(.vector_131)
                0x00000200                __vector_offset_132 = DEFINED (__vector_dispatch_132)?(. - _ebase_address):__vector_offset_default
 *(.vector_132)
                0x00000200                __vector_offset_133 = DEFINED (__vector_dispatch_133)?(. - _ebase_address):__vector_offset_default
 *(.vector_133)
                0x00000200                __vector_offset_134 = DEFINED (__vector_dispatch_134)?(. - _ebase_address):__vector_offset_default
 *(.vector_134)
                0x00000200                __vector_offset_135 = DEFINED (__vector_dispatch_135)?(. - _ebase_address):__vector_offset_default
 *(.vector_135)
                0x00000200                __vector_offset_136 = DEFINED (__vector_dispatch_136)?(. - _ebase_address):__vector_offset_default
 *(.vector_136)
                0x00000200                __vector_offset_137 = DEFINED (__vector_dispatch_137)?(. - _ebase_address):__vector_offset_default
 *(.vector_137)
                0x00000200                __vector_offset_138 = DEFINED (__vector_dispatch_138)?(. - _ebase_address):__vector_offset_default
 *(.vector_138)
                0x00000200                __vector_offset_139 = DEFINED (__vector_dispatch_139)?(. - _ebase_address):__vector_offset_default
 *(.vector_139)
                0x00000200                __vector_offset_140 = DEFINED (__vector_dispatch_140)?(. - _ebase_address):__vector_offset_default
 *(.vector_140)
                0x00000200                __vector_offset_141 = DEFINED (__vector_dispatch_141)?(. - _ebase_address):__vector_offset_default
 *(.vector_141)
                0x00000200                __vector_offset_142 = DEFINED (__vector_dispatch_142)?(. - _ebase_address):__vector_offset_default
 *(.vector_142)
                0x00000200                __vector_offset_143 = DEFINED (__vector_dispatch_143)?(. - _ebase_address):__vector_offset_default
 *(.vector_143)
                0x00000200                __vector_offset_144 = DEFINED (__vector_dispatch_144)?(. - _ebase_address):__vector_offset_default
 *(.vector_144)
                0x00000200                __vector_offset_145 = DEFINED (__vector_dispatch_145)?(. - _ebase_address):__vector_offset_default
 *(.vector_145)
                0x00000200                __vector_offset_146 = DEFINED (__vector_dispatch_146)?(. - _ebase_address):__vector_offset_default
 *(.vector_146)
                0x00000200                __vector_offset_147 = DEFINED (__vector_dispatch_147)?(. - _ebase_address):__vector_offset_default
 *(.vector_147)
                0x00000200                __vector_offset_148 = DEFINED (__vector_dispatch_148)?(. - _ebase_address):__vector_offset_default
 *(.vector_148)
                0x00000200                __vector_offset_149 = DEFINED (__vector_dispatch_149)?(. - _ebase_address):__vector_offset_default
 *(.vector_149)
                0x00000200                __vector_offset_150 = DEFINED (__vector_dispatch_150)?(. - _ebase_address):__vector_offset_default
 *(.vector_150)
                0x00000200                __vector_offset_151 = DEFINED (__vector_dispatch_151)?(. - _ebase_address):__vector_offset_default
 *(.vector_151)
                0x00000200                __vector_offset_152 = DEFINED (__vector_dispatch_152)?(. - _ebase_address):__vector_offset_default
 *(.vector_152)
                0x00000200                __vector_offset_153 = DEFINED (__vector_dispatch_153)?(. - _ebase_address):__vector_offset_default
 *(.vector_153)
                0x00000200                __vector_offset_154 = DEFINED (__vector_dispatch_154)?(. - _ebase_address):__vector_offset_default
 *(.vector_154)
                0x00000200                __vector_offset_155 = DEFINED (__vector_dispatch_155)?(. - _ebase_address):__vector_offset_default
 *(.vector_155)
                0x00000200                __vector_offset_156 = DEFINED (__vector_dispatch_156)?(. - _ebase_address):__vector_offset_default
 *(.vector_156)
                0x00000200                __vector_offset_157 = DEFINED (__vector_dispatch_157)?(. - _ebase_address):__vector_offset_default
 *(.vector_157)
                0x00000200                __vector_offset_158 = DEFINED (__vector_dispatch_158)?(. - _ebase_address):__vector_offset_default
 *(.vector_158)
                0x00000200                __vector_offset_159 = DEFINED (__vector_dispatch_159)?(. - _ebase_address):__vector_offset_default
 *(.vector_159)
                0x00000200                __vector_offset_160 = DEFINED (__vector_dispatch_160)?(. - _ebase_address):__vector_offset_default
 *(.vector_160)
                0x00000200                __vector_offset_161 = DEFINED (__vector_dispatch_161)?(. - _ebase_address):__vector_offset_default
 *(.vector_161)
                0x00000200                __vector_offset_162 = DEFINED (__vector_dispatch_162)?(. - _ebase_address):__vector_offset_default
 *(.vector_162)
                0x00000200                __vector_offset_163 = DEFINED (__vector_dispatch_163)?(. - _ebase_address):__vector_offset_default
 *(.vector_163)
                0x00000200                __vector_offset_164 = DEFINED (__vector_dispatch_164)?(. - _ebase_address):__vector_offset_default
 *(.vector_164)
                0x00000200                __vector_offset_165 = DEFINED (__vector_dispatch_165)?(. - _ebase_address):__vector_offset_default
 *(.vector_165)
                0x00000200                __vector_offset_166 = DEFINED (__vector_dispatch_166)?(. - _ebase_address):__vector_offset_default
 *(.vector_166)
                0x00000200                __vector_offset_167 = DEFINED (__vector_dispatch_167)?(. - _ebase_address):__vector_offset_default
 *(.vector_167)
                0x00000200                __vector_offset_168 = DEFINED (__vector_dispatch_168)?(. - _ebase_address):__vector_offset_default
 *(.vector_168)
                0x00000200                __vector_offset_169 = DEFINED (__vector_dispatch_169)?(. - _ebase_address):__vector_offset_default
 *(.vector_169)
                0x00000200                __vector_offset_170 = DEFINED (__vector_dispatch_170)?(. - _ebase_address):__vector_offset_default
 *(.vector_170)
                0x00000200                __vector_offset_171 = DEFINED (__vector_dispatch_171)?(. - _ebase_address):__vector_offset_default
 *(.vector_171)
                0x00000200                __vector_offset_172 = DEFINED (__vector_dispatch_172)?(. - _ebase_address):__vector_offset_default
 *(.vector_172)
                0x00000200                __vector_offset_173 = DEFINED (__vector_dispatch_173)?(. - _ebase_address):__vector_offset_default
 *(.vector_173)
                0x00000200                __vector_offset_174 = DEFINED (__vector_dispatch_174)?(. - _ebase_address):__vector_offset_default
 *(.vector_174)
                0x00000200                __vector_offset_175 = DEFINED (__vector_dispatch_175)?(. - _ebase_address):__vector_offset_default
 *(.vector_175)
                0x00000200                __vector_offset_176 = DEFINED (__vector_dispatch_176)?(. - _ebase_address):__vector_offset_default
 *(.vector_176)
                0x00000200                __vector_offset_177 = DEFINED (__vector_dispatch_177)?(. - _ebase_address):__vector_offset_default
 *(.vector_177)
                0x00000200                __vector_offset_178 = DEFINED (__vector_dispatch_178)?(. - _ebase_address):__vector_offset_default
 *(.vector_178)
                0x00000200                __vector_offset_179 = DEFINED (__vector_dispatch_179)?(. - _ebase_address):__vector_offset_default
 *(.vector_179)
                0x00000200                __vector_offset_180 = DEFINED (__vector_dispatch_180)?(. - _ebase_address):__vector_offset_default
 *(.vector_180)
                0x00000200                __vector_offset_181 = DEFINED (__vector_dispatch_181)?(. - _ebase_address):__vector_offset_default
 *(.vector_181)
                0x00000200                __vector_offset_182 = DEFINED (__vector_dispatch_182)?(. - _ebase_address):__vector_offset_default
 *(.vector_182)
                0x00000200                __vector_offset_183 = DEFINED (__vector_dispatch_183)?(. - _ebase_address):__vector_offset_default
 *(.vector_183)
                0x00000200                __vector_offset_184 = DEFINED (__vector_dispatch_184)?(. - _ebase_address):__vector_offset_default
 *(.vector_184)
                0x00000200                __vector_offset_185 = DEFINED (__vector_dispatch_185)?(. - _ebase_address):__vector_offset_default
 *(.vector_185)
                0x00000200                __vector_offset_186 = DEFINED (__vector_dispatch_186)?(. - _ebase_address):__vector_offset_default
 *(.vector_186)
                0x00000200                __vector_offset_187 = DEFINED (__vector_dispatch_187)?(. - _ebase_address):__vector_offset_default
 *(.vector_187)
                0x00000200                __vector_offset_188 = DEFINED (__vector_dispatch_188)?(. - _ebase_address):__vector_offset_default
 *(.vector_188)
                0x00000200                __vector_offset_189 = DEFINED (__vector_dispatch_189)?(. - _ebase_address):__vector_offset_default
 *(.vector_189)
                0x00000200                __vector_offset_190 = DEFINED (__vector_dispatch_190)?(. - _ebase_address):__vector_offset_default
 *(.vector_190)
                0x00000200                __vector_offset_191 = DEFINED (__vector_dispatch_191)?(. - _ebase_address):__vector_offset_default
 *(.vector_191)
                0x00000200                __vector_offset_192 = DEFINED (__vector_dispatch_192)?(. - _ebase_address):__vector_offset_default
 *(.vector_192)
                0x00000200                __vector_offset_193 = DEFINED (__vector_dispatch_193)?(. - _ebase_address):__vector_offset_default
 *(.vector_193)
                0x00000200                __vector_offset_194 = DEFINED (__vector_dispatch_194)?(. - _ebase_address):__vector_offset_default
 *(.vector_194)
                0x00000200                __vector_offset_195 = DEFINED (__vector_dispatch_195)?(. - _ebase_address):__vector_offset_default
 *(.vector_195)
                0x00000200                __vector_offset_196 = DEFINED (__vector_dispatch_196)?(. - _ebase_address):__vector_offset_default
 *(.vector_196)
                0x00000200                __vector_offset_197 = DEFINED (__vector_dispatch_197)?(. - _ebase_address):__vector_offset_default
 *(.vector_197)
                0x00000200                __vector_offset_198 = DEFINED (__vector_dispatch_198)?(. - _ebase_address):__vector_offset_default
 *(.vector_198)
                0x00000200                __vector_offset_199 = DEFINED (__vector_dispatch_199)?(. - _ebase_address):__vector_offset_default
 *(.vector_199)
                0x00000200                __vector_offset_200 = DEFINED (__vector_dispatch_200)?(. - _ebase_address):__vector_offset_default
 *(.vector_200)
                0x00000200                __vector_offset_201 = DEFINED (__vector_dispatch_201)?(. - _ebase_address):__vector_offset_default
 *(.vector_201)
                0x00000200                __vector_offset_202 = DEFINED (__vector_dispatch_202)?(. - _ebase_address):__vector_offset_default
 *(.vector_202)
                0x00000200                __vector_offset_203 = DEFINED (__vector_dispatch_203)?(. - _ebase_address):__vector_offset_default
 *(.vector_203)
                0x00000200                __vector_offset_204 = DEFINED (__vector_dispatch_204)?(. - _ebase_address):__vector_offset_default
 *(.vector_204)
                0x00000200                __vector_offset_205 = DEFINED (__vector_dispatch_205)?(. - _ebase_address):__vector_offset_default
 *(.vector_205)
                0x00000200                __vector_offset_206 = DEFINED (__vector_dispatch_206)?(. - _ebase_address):__vector_offset_default
 *(.vector_206)
                0x00000200                __vector_offset_207 = DEFINED (__vector_dispatch_207)?(. - _ebase_address):__vector_offset_default
 *(.vector_207)
                0x00000200                __vector_offset_208 = DEFINED (__vector_dispatch_208)?(. - _ebase_address):__vector_offset_default
 *(.vector_208)
                0x00000200                __vector_offset_209 = DEFINED (__vector_dispatch_209)?(. - _ebase_address):__vector_offset_default
 *(.vector_209)
                0x00000200                __vector_offset_210 = DEFINED (__vector_dispatch_210)?(. - _ebase_address):__vector_offset_default
 *(.vector_210)
                0x00000200                __vector_offset_211 = DEFINED (__vector_dispatch_211)?(. - _ebase_address):__vector_offset_default
 *(.vector_211)
                0x00000200                __vector_offset_212 = DEFINED (__vector_dispatch_212)?(. - _ebase_address):__vector_offset_default
 *(.vector_212)
                0x00000200                __vector_offset_213 = DEFINED (__vector_dispatch_213)?(. - _ebase_address):__vector_offset_default
 *(.vector_213)
                0x00000200                __vector_offset_214 = DEFINED (__vector_dispatch_214)?(. - _ebase_address):__vector_offset_default
 *(.vector_214)
                0x00000200                __vector_offset_215 = DEFINED (__vector_dispatch_215)?(. - _ebase_address):__vector_offset_default
 *(.vector_215)
                0x00000200                __vector_offset_216 = DEFINED (__vector_dispatch_216)?(. - _ebase_address):__vector_offset_default
 *(.vector_216)
                0x00000200                __vector_offset_217 = DEFINED (__vector_dispatch_217)?(. - _ebase_address):__vector_offset_default
 *(.vector_217)
                0x00000200                __vector_offset_218 = DEFINED (__vector_dispatch_218)?(. - _ebase_address):__vector_offset_default
 *(.vector_218)
                0x00000200                __vector_offset_219 = DEFINED (__vector_dispatch_219)?(. - _ebase_address):__vector_offset_default
 *(.vector_219)
                0x00000200                __vector_offset_220 = DEFINED (__vector_dispatch_220)?(. - _ebase_address):__vector_offset_default
 *(.vector_220)
                0x00000200                __vector_offset_221 = DEFINED (__vector_dispatch_221)?(. - _ebase_address):__vector_offset_default
 *(.vector_221)
                0x00000200                __vector_offset_222 = DEFINED (__vector_dispatch_222)?(. - _ebase_address):__vector_offset_default
 *(.vector_222)
                0x00000200                __vector_offset_223 = DEFINED (__vector_dispatch_223)?(. - _ebase_address):__vector_offset_default
 *(.vector_223)
                0x00000200                __vector_offset_224 = DEFINED (__vector_dispatch_224)?(. - _ebase_address):__vector_offset_default
 *(.vector_224)
                0x00000200                __vector_offset_225 = DEFINED (__vector_dispatch_225)?(. - _ebase_address):__vector_offset_default
 *(.vector_225)
                0x00000200                __vector_offset_226 = DEFINED (__vector_dispatch_226)?(. - _ebase_address):__vector_offset_default
 *(.vector_226)
                0x00000200                __vector_offset_227 = DEFINED (__vector_dispatch_227)?(. - _ebase_address):__vector_offset_default
 *(.vector_227)
                0x00000200                __vector_offset_228 = DEFINED (__vector_dispatch_228)?(. - _ebase_address):__vector_offset_default
 *(.vector_228)
                0x00000200                __vector_offset_229 = DEFINED (__vector_dispatch_229)?(. - _ebase_address):__vector_offset_default
 *(.vector_229)
                0x00000200                __vector_offset_230 = DEFINED (__vector_dispatch_230)?(. - _ebase_address):__vector_offset_default
 *(.vector_230)
                0x00000200                __vector_offset_231 = DEFINED (__vector_dispatch_231)?(. - _ebase_address):__vector_offset_default
 *(.vector_231)
                0x00000200                __vector_offset_232 = DEFINED (__vector_dispatch_232)?(. - _ebase_address):__vector_offset_default
 *(.vector_232)
                0x00000200                __vector_offset_233 = DEFINED (__vector_dispatch_233)?(. - _ebase_address):__vector_offset_default
 *(.vector_233)
                0x00000200                __vector_offset_234 = DEFINED (__vector_dispatch_234)?(. - _ebase_address):__vector_offset_default
 *(.vector_234)
                0x00000200                __vector_offset_235 = DEFINED (__vector_dispatch_235)?(. - _ebase_address):__vector_offset_default
 *(.vector_235)
                0x00000200                __vector_offset_236 = DEFINED (__vector_dispatch_236)?(. - _ebase_address):__vector_offset_default
 *(.vector_236)
                0x00000200                __vector_offset_237 = DEFINED (__vector_dispatch_237)?(. - _ebase_address):__vector_offset_default
 *(.vector_237)
                0x00000200                __vector_offset_238 = DEFINED (__vector_dispatch_238)?(. - _ebase_address):__vector_offset_default
 *(.vector_238)
                0x00000200                __vector_offset_239 = DEFINED (__vector_dispatch_239)?(. - _ebase_address):__vector_offset_default
 *(.vector_239)
                0x00000200                __vector_offset_240 = DEFINED (__vector_dispatch_240)?(. - _ebase_address):__vector_offset_default
 *(.vector_240)
                0x00000200                __vector_offset_241 = DEFINED (__vector_dispatch_241)?(. - _ebase_address):__vector_offset_default
 *(.vector_241)
                0x00000200                __vector_offset_242 = DEFINED (__vector_dispatch_242)?(. - _ebase_address):__vector_offset_default
 *(.vector_242)
                0x00000200                __vector_offset_243 = DEFINED (__vector_dispatch_243)?(. - _ebase_address):__vector_offset_default
 *(.vector_243)
                0x00000200                __vector_offset_244 = DEFINED (__vector_dispatch_244)?(. - _ebase_address):__vector_offset_default
 *(.vector_244)
                0x00000200                __vector_offset_245 = DEFINED (__vector_dispatch_245)?(. - _ebase_address):__vector_offset_default
 *(.vector_245)
                0x00000200                __vector_offset_246 = DEFINED (__vector_dispatch_246)?(. - _ebase_address):__vector_offset_default
 *(.vector_246)
                0x00000200                __vector_offset_247 = DEFINED (__vector_dispatch_247)?(. - _ebase_address):__vector_offset_default
 *(.vector_247)
                0x00000200                __vector_offset_248 = DEFINED (__vector_dispatch_248)?(. - _ebase_address):__vector_offset_default
 *(.vector_248)
                0x00000200                __vector_offset_249 = DEFINED (__vector_dispatch_249)?(. - _ebase_address):__vector_offset_default
 *(.vector_249)
                0x00000200                __vector_offset_250 = DEFINED (__vector_dispatch_250)?(. - _ebase_address):__vector_offset_default
 *(.vector_250)
                0x00000200                __vector_offset_251 = DEFINED (__vector_dispatch_251)?(. - _ebase_address):__vector_offset_default
 *(.vector_251)
                0x00000200                __vector_offset_252 = DEFINED (__vector_dispatch_252)?(. - _ebase_address):__vector_offset_default
 *(.vector_252)
                0x00000200                __vector_offset_253 = DEFINED (__vector_dispatch_253)?(. - _ebase_address):__vector_offset_default
 *(.vector_253)
                0x00000200                __vector_offset_254 = DEFINED (__vector_dispatch_254)?(. - _ebase_address):__vector_offset_default
 *(.vector_254)
                0x00000200                __vector_offset_255 = DEFINED (__vector_dispatch_255)?(. - _ebase_address):__vector_offset_default
 *(.vector_255)
                0x00000200                __vector_offset_default = (. - _ebase_address)
 *(.vector_default)
 .vector_default
                0x9d001200       0x48 c:/program files/microchip/xc32/v2.40/bin/bin/../../lib/gcc/pic32mx/4.8.3/../../../../pic32mx/lib/fpu64\libpic32.a(defaultinterrupt.o)
                0x9d001200                _DefaultInterrupt

.startup
 *(.startup)

.text           0x9d001248        0x0
 *(.stub .gnu.linkonce.t.*)
 *(.text.*personality*)
 *(.mips16.fn.*)
 *(.mips16.call.*)
 *(.gnu.warning)
                0x9d001248                . = ALIGN (0x4)

.init           0x9d001248        0x0
 *crti.o(.init)
 *crtbegin.o(.init)
 *(EXCLUDE_FILE(*crtn.o *crtend?.o *crtend.o) .init)
 *crtend.o(.init)
 *crtn.o(.init)
                0x9d001248                . = ALIGN (0x4)

.fini           0x9d001248        0x0
 *(.fini)
                0x9d001248                . = ALIGN (0x4)

.preinit_array  0x9d001248        0x0
                0x9d001248                PROVIDE (__preinit_array_start, .)
 *(.preinit_array)
                0x9d001248                PROVIDE (__preinit_array_end, .)
                0x9d001248                . = ALIGN (0x4)

.init_array     0x9d001248        0x0
                0x9d001248                PROVIDE (__init_array_start, .)
 *(SORT(.init_array.*))
 *(.init_array)
                0x9d001248                PROVIDE (__init_array_end, .)
                0x9d001248                . = ALIGN (0x4)

.fini_array     0x9d001248        0x0
                0x9d001248                PROVIDE (__fini_array_start, .)
 *(SORT(.fini_array.*))
 *(.fini_array)
                0x9d001248                PROVIDE (__fini_array_end, .)
                0x9d001248                . = ALIGN (0x4)

.ctors          0x9d001248        0x0
 *crtbegin.o(.ctors)
 *crtbegin?.o(.ctors)
 *(EXCLUDE_FILE(*crtend?.o *crtend.o) .ctors)
 *(SORT(.ctors.*))
 *(.ctors)
                0x9d001248                . = ALIGN (0x4)

.dtors          0x9d001248        0x0
 *crtbegin.o(.dtors)
 *crtbegin?.o(.dtors)
 *(EXCLUDE_FILE(*crtend?.o *crtend.o) .dtors)
 *(SORT(.dtors.*))
 *(.dtors)
                0x9d001248                . = ALIGN (0x4)

.rodata         0x9d001248        0x0
 *(.gnu.linkonce.r.*)
 *(.rodata1)
                0x9d001248                . = ALIGN (0x4)

.sdata2         0x9d000010        0x0
 *(.sdata2 .sdata2.* .gnu.linkonce.s2.*)
                0x9d000010                . = ALIGN (0x4)

.sbss2          0x9d000010        0x0
 *(.sbss2 .sbss2.* .gnu.linkonce.sb2.*)
                0x9d000010                . = ALIGN (0x4)

.eh_frame_hdr
 *(.eh_frame_hdr)
                0x9d000010                . = ALIGN (0x4)

.eh_frame
 *(.eh_frame)
                0x9d000010                . = ALIGN (0x4)

.gcc_except_table
 *(.gcc_except_table .gcc_except_table.*)
                0x9d000010                . = ALIGN (0x4)

.jcr            0x80000000        0x0
 *(.jcr)
                0x80000000                . = ALIGN (0x4)

.eh_frame
 *(.eh_frame)
                0x80000000                . = ALIGN (0x4)

.gcc_except_table
 *(.gcc_except_table .gcc_except_table.*)
                0x80000000                . = ALIGN (0x4)

.persist        0x80000000        0x0
                0x80000000                _persist_begin = .
 *(.persist .persist.*)
 *(.pbss .pbss.*)
                0x80000000                . = ALIGN (0x4)
                0x80000000                _persist_end = .

.data           0x80000000        0x0
 *(.gnu.linkonce.d.*)
 *(.data1)
                0x80000000                . = ALIGN (0x4)
                0x80000000                . = .
                0x80007ff0                _gp = (ALIGN (0x10) + 0x7ff0)

.got            0x80000000        0x0
 *(.got.plt)
 *(.got)
                0x80000000                . = ALIGN (0x4)

.sdata          0x80000000       0x24
                0x80000000                _sdata_begin = .
 *(.sdata .sdata.* .gnu.linkonce.s.*)
 .sdata         0x80000000       0x24 c:/program files/microchip/xc32/v2.40/bin/bin/../../lib/gcc/pic32mx/4.8.3/../../../../pic32mx/lib/fpu64\libpic32.a(pic32_init_cache.o)
                0x80000000                __pic32_icache_size
                0x80000004                __pic32_icache_linesize
                0x80000008                __pic32_icache_ways
                0x8000000c                __pic32_dcache_size
                0x80000010                __pic32_dcache_linesize
                0x80000014                __pic32_dcache_ways
                0x80000018                __pic32_scache_size
                0x8000001c                __pic32_scache_linesize
                0x80000020                __pic32_scache_ways
                0x80000024                . = ALIGN (0x4)
                0x80000024                _sdata_end = .

.lit8
 *(.lit8)

.lit4
 *(.lit4)
                0x80000024                . = ALIGN (0x4)
                0x80000024                _data_end = .
                0x80000024                _bss_begin = .

.sbss           0x80000024       0x54
                0x80000024                _sbss_begin = .
 *(.dynsbss)
 *(.sbss .sbss.* .gnu.linkonce.sb.*)
 .sbss          0x80000024        0xc build/pic32mz_ef_sk_Inst_1/production/_ext/1786459361/system_exceptions.o
 .sbss          0x80000030        0x1 build/pic32mz_ef_sk_Inst_1/production/_ext/682638542/datastream.o
 *fill*         0x80000031        0x3 
 .sbss          0x80000034        0x4 build/pic32mz_ef_sk_Inst_1/production/_ext/1854679915/bootloader.o
 *(.scommon)
 .scommon       0x80000038       0x28 build/pic32mz_ef_sk_Inst_1/production/_ext/1136722066/drv_usart_mapping.o
                0x80000038                _context
                0x8000003c                _txMaxSize
                0x80000040                _rxCurSize
                0x80000044                _bufferHandle
                0x80000048                _txCurPos
                0x8000004c                handler
                0x80000050                _txBuffer
                0x80000054                _rxBuffer
                0x80000058                _rxMaxSize
                0x8000005c                currDir
 .scommon       0x80000060        0x4 build/pic32mz_ef_sk_Inst_1/production/_ext/1136722066/drv_usart_static.o
                0x80000060                gDrvUSART0Obj
 .scommon       0x80000064        0x0 build/pic32mz_ef_sk_Inst_1/production/_ext/1136722066/drv_usart_static_byte_model.o
 .scommon       0x80000064        0x0 build/pic32mz_ef_sk_Inst_1/production/_ext/1780309302/sys_clk_pic32mz.o
 .scommon       0x80000064        0x8 build/pic32mz_ef_sk_Inst_1/production/_ext/1009006589/sys_devcon.o
                0x80000064                sysDevconObj
 .scommon       0x8000006c        0x4 build/pic32mz_ef_sk_Inst_1/production/_ext/1786459361/system_init.o
                0x8000006c                sysObj
 .scommon       0x80000070        0x0 build/pic32mz_ef_sk_Inst_1/production/_ext/1786459361/system_interrupt.o
 .scommon       0x80000070        0x0 build/pic32mz_ef_sk_Inst_1/production/_ext/1786459361/system_exceptions.o
 .scommon       0x80000070        0x0 build/pic32mz_ef_sk_Inst_1/production/_ext/1786459361/system_tasks.o
 .scommon       0x80000070        0x4 build/pic32mz_ef_sk_Inst_1/production/_ext/1360937237/app.o
                0x80000070                appData
 .scommon       0x80000074        0x4 build/pic32mz_ef_sk_Inst_1/production/_ext/682638542/datastream.o
                0x80000074                datastreamModule
 .scommon       0x80000078        0x0 build/pic32mz_ef_sk_Inst_1/production/_ext/682638542/datastream_usart.o
 .scommon       0x80000078        0x0 build/pic32mz_ef_sk_Inst_1/production/_ext/1854679915/bootloader.o
                0x80000078                _sbss_end = .
                0x80000078                . = ALIGN (0x4)

.bss            0x80000078        0x0
 *(.dynbss)
 *(COMMON)
                0x80000078                . = ALIGN ((. != 0x0)?0x4:0x1)
                0x80000078                . = ALIGN (0x4)
                0x80000078                _end = .
                0x80000078                _bss_end = .
                0x00080000                _bmxdudba_address = 0x80000
                0x00080000                _bmxdupba_address = 0x80000

/DISCARD/
 *(.pdr)
 *(.rel.dyn)
 *(.note.GNU-stack)
 *(.note.GNU-stack)
 *(.gnu_debuglink)
 *(.gnu.lto_*)
 *(.discard)
 *(._debug_exception)
 *(.config_*)

.gptab.sdata
 *(.gptab.data)
 *(.gptab.sdata)

.gptab.sbss
 *(.gptab.bss)
 *(.gptab.sbss)

.mdebug.abi32   0x80000078        0x0
 *(.mdebug.abi32)
 .mdebug.abi32  0x80000078        0x0 build/pic32mz_ef_sk_Inst_1/production/_ext/1640318959/bsp.o
 .mdebug.abi32  0x80000078        0x0 build/pic32mz_ef_sk_Inst_1/production/_ext/1136722066/drv_usart_mapping.o
 .mdebug.abi32  0x80000078        0x0 build/pic32mz_ef_sk_Inst_1/production/_ext/1136722066/drv_usart_static.o
 .mdebug.abi32  0x80000078        0x0 build/pic32mz_ef_sk_Inst_1/production/_ext/1136722066/drv_usart_static_byte_model.o
 .mdebug.abi32  0x80000078        0x0 build/pic32mz_ef_sk_Inst_1/production/_ext/1780309302/sys_clk_pic32mz.o
 .mdebug.abi32  0x80000078        0x0 build/pic32mz_ef_sk_Inst_1/production/_ext/1009006589/sys_devcon.o
 .mdebug.abi32  0x80000078        0x0 build/pic32mz_ef_sk_Inst_1/production/_ext/1009006589/sys_devcon_pic32mz.o
 .mdebug.abi32  0x80000078        0x0 build/pic32mz_ef_sk_Inst_1/production/_ext/12326810/sys_ports_static.o
 .mdebug.abi32  0x80000078        0x0 build/pic32mz_ef_sk_Inst_1/production/_ext/878487331/sys_reset.o
 .mdebug.abi32  0x80000078        0x0 build/pic32mz_ef_sk_Inst_1/production/_ext/1786459361/system_init.o
 .mdebug.abi32  0x80000078        0x0 build/pic32mz_ef_sk_Inst_1/production/_ext/1786459361/system_interrupt.o
 .mdebug.abi32  0x80000078        0x0 build/pic32mz_ef_sk_Inst_1/production/_ext/1786459361/system_exceptions.o
 .mdebug.abi32  0x80000078        0x0 build/pic32mz_ef_sk_Inst_1/production/_ext/1786459361/system_tasks.o
 .mdebug.abi32  0x80000078        0x0 build/pic32mz_ef_sk_Inst_1/production/_ext/1360937237/app.o
 .mdebug.abi32  0x80000078        0x0 build/pic32mz_ef_sk_Inst_1/production/_ext/1360937237/main.o
 .mdebug.abi32  0x80000078        0x0 build/pic32mz_ef_sk_Inst_1/production/_ext/682638542/datastream.o
 .mdebug.abi32  0x80000078        0x0 build/pic32mz_ef_sk_Inst_1/production/_ext/682638542/datastream_usart.o
 .mdebug.abi32  0x80000078        0x0 build/pic32mz_ef_sk_Inst_1/production/_ext/1854679915/bootloader.o
 .mdebug.abi32  0x80000078        0x0 build/pic32mz_ef_sk_Inst_1/production/_ext/1854679915/nvm.o
 .mdebug.abi32  0x80000078        0x0 build/pic32mz_ef_sk_Inst_1/production/_ext/711155467/sys_int_pic32.o
 .mdebug.abi32  0x80000078        0x0 c:/program files/microchip/xc32/v2.40/bin/bin/../../lib/gcc/pic32mx/4.8.3/../../../../pic32mx/lib/fpu64\libpic32.a(default-bootstrap-exception-handler.o)
 .mdebug.abi32  0x80000078        0x0 c:/program files/microchip/xc32/v2.40/bin/bin/../../lib/gcc/pic32mx/4.8.3/../../../../pic32mx/lib/fpu64\libpic32.a(default-on-reset.o)
 .mdebug.abi32  0x80000078        0x0 c:/program files/microchip/xc32/v2.40/bin/bin/../../lib/gcc/pic32mx/4.8.3/../../../../pic32mx/lib/fpu64\libpic32.a(default-on-bootstrap.o)
 .mdebug.abi32  0x80000078        0x0 c:/program files/microchip/xc32/v2.40/bin/bin/../../lib/gcc/pic32mx/4.8.3/../../../../pic32mx/lib/fpu64\libpic32.a(defaultinterrupt.o)
 .mdebug.abi32  0x80000078        0x0 c:/program files/microchip/xc32/v2.40/bin/bin/../../lib/gcc/pic32mx/4.8.3/../../../../pic32mx/lib/fpu64\libpic32.a(default-cache-err-exception-handler.o)
 .mdebug.abi32  0x80000078        0x0 c:/program files/microchip/xc32/v2.40/bin/bin/../../lib/gcc/pic32mx/4.8.3/../../../../pic32mx/lib/fpu64\libpic32.a(default-simple-tlb-refill-exception-handler.o)

.mdebug.abiN32
 *(.mdebug.abiN32)

.mdebug.abi64
 *(.mdebug.abi64)

.mdebug.abiO64
 *(.mdebug.abiO64)

.mdebug.eabi32
 *(.mdebug.eabi32)

.mdebug.eabi64
 *(.mdebug.eabi64)

.gcc_compiled_long32
 *(.gcc_compiled_long32)

.gcc_compiled_long64
 *(.gcc_compiled_long64)

.stab
 *(.stab)

.stabstr
 *(.stabstr)

.stab.excl
 *(.stab.excl)

.stab.exclstr
 *(.stab.exclstr)

.stab.index
 *(.stab.index)

.stab.indexstr
 *(.stab.indexstr)

.comment        0x00000000       0x3c
 *(.comment)
 .comment       0x00000000       0x3c build/pic32mz_ef_sk_Inst_1/production/_ext/1640318959/bsp.o
                                 0x3d (size before relaxing)
 .comment       0x00000000       0x3d build/pic32mz_ef_sk_Inst_1/production/_ext/1136722066/drv_usart_mapping.o
 .comment       0x00000000       0x3d build/pic32mz_ef_sk_Inst_1/production/_ext/1136722066/drv_usart_static.o
 .comment       0x00000000       0x3d build/pic32mz_ef_sk_Inst_1/production/_ext/1136722066/drv_usart_static_byte_model.o
 .comment       0x00000000       0x3d build/pic32mz_ef_sk_Inst_1/production/_ext/1780309302/sys_clk_pic32mz.o
 .comment       0x00000000       0x3d build/pic32mz_ef_sk_Inst_1/production/_ext/1009006589/sys_devcon.o
 .comment       0x00000000       0x3d build/pic32mz_ef_sk_Inst_1/production/_ext/1009006589/sys_devcon_pic32mz.o
 .comment       0x00000000       0x3d build/pic32mz_ef_sk_Inst_1/production/_ext/12326810/sys_ports_static.o
 .comment       0x00000000       0x3d build/pic32mz_ef_sk_Inst_1/production/_ext/878487331/sys_reset.o
 .comment       0x00000000       0x3d build/pic32mz_ef_sk_Inst_1/production/_ext/1786459361/system_init.o
 .comment       0x00000000       0x3d build/pic32mz_ef_sk_Inst_1/production/_ext/1786459361/system_interrupt.o
 .comment       0x00000000       0x3d build/pic32mz_ef_sk_Inst_1/production/_ext/1786459361/system_exceptions.o
 .comment       0x00000000       0x3d build/pic32mz_ef_sk_Inst_1/production/_ext/1786459361/system_tasks.o
 .comment       0x00000000       0x3d build/pic32mz_ef_sk_Inst_1/production/_ext/1360937237/app.o
 .comment       0x00000000       0x3d build/pic32mz_ef_sk_Inst_1/production/_ext/1360937237/main.o
 .comment       0x00000000       0x3d build/pic32mz_ef_sk_Inst_1/production/_ext/682638542/datastream.o
 .comment       0x00000000       0x3d build/pic32mz_ef_sk_Inst_1/production/_ext/682638542/datastream_usart.o
 .comment       0x00000000       0x3d build/pic32mz_ef_sk_Inst_1/production/_ext/1854679915/bootloader.o
 .comment       0x00000000       0x3d build/pic32mz_ef_sk_Inst_1/production/_ext/1854679915/nvm.o
 .comment       0x00000000       0x3d build/pic32mz_ef_sk_Inst_1/production/_ext/711155467/sys_int_pic32.o
 .comment       0x00000000       0x3d c:/program files/microchip/xc32/v2.40/bin/bin/../../lib/gcc/pic32mx/4.8.3/../../../../pic32mx/lib/fpu64\libpic32.a(default-bootstrap-exception-handler.o)
 .comment       0x00000000       0x3d c:/program files/microchip/xc32/v2.40/bin/bin/../../lib/gcc/pic32mx/4.8.3/../../../../pic32mx/lib/fpu64\libpic32.a(default-on-reset.o)
 .comment       0x00000000       0x3d c:/program files/microchip/xc32/v2.40/bin/bin/../../lib/gcc/pic32mx/4.8.3/../../../../pic32mx/lib/fpu64\libpic32.a(default-on-bootstrap.o)
 .comment       0x00000000       0x3d c:/program files/microchip/xc32/v2.40/bin/bin/../../lib/gcc/pic32mx/4.8.3/../../../../pic32mx/lib/fpu64\libpic32.a(defaultinterrupt.o)
 .comment       0x00000000       0x3d c:/program files/microchip/xc32/v2.40/bin/bin/../../lib/gcc/pic32mx/4.8.3/../../../../pic32mx/lib/fpu64\libpic32.a(default-cache-err-exception-handler.o)
 .comment       0x00000000       0x3d c:/program files/microchip/xc32/v2.40/bin/bin/../../lib/gcc/pic32mx/4.8.3/../../../../pic32mx/lib/fpu64\libpic32.a(default-simple-tlb-refill-exception-handler.o)

.debug
 *(.debug)

.line
 *(.line)

.debug_srcinfo
 *(.debug_srcinfo)

.debug_sfnames
 *(.debug_sfnames)

.debug_aranges  0x00000000      0x7f0
 *(.debug_aranges)
 .debug_aranges
                0x00000000       0x68 build/pic32mz_ef_sk_Inst_1/production/_ext/1640318959/bsp.o
 .debug_aranges
                0x00000068       0xb0 build/pic32mz_ef_sk_Inst_1/production/_ext/1136722066/drv_usart_mapping.o
 .debug_aranges
                0x00000118       0x70 build/pic32mz_ef_sk_Inst_1/production/_ext/1136722066/drv_usart_static.o
 .debug_aranges
                0x00000188       0x48 build/pic32mz_ef_sk_Inst_1/production/_ext/1136722066/drv_usart_static_byte_model.o
 .debug_aranges
                0x000001d0       0x50 build/pic32mz_ef_sk_Inst_1/production/_ext/1780309302/sys_clk_pic32mz.o
 .debug_aranges
                0x00000220       0x78 build/pic32mz_ef_sk_Inst_1/production/_ext/1009006589/sys_devcon.o
 .debug_aranges
                0x00000298       0xc8 build/pic32mz_ef_sk_Inst_1/production/_ext/1009006589/sys_devcon_pic32mz.o
 .debug_aranges
                0x00000360      0x148 build/pic32mz_ef_sk_Inst_1/production/_ext/12326810/sys_ports_static.o
 .debug_aranges
                0x000004a8       0x38 build/pic32mz_ef_sk_Inst_1/production/_ext/878487331/sys_reset.o
 .debug_aranges
                0x000004e0       0x28 build/pic32mz_ef_sk_Inst_1/production/_ext/1786459361/system_init.o
 .debug_aranges
                0x00000508       0x18 build/pic32mz_ef_sk_Inst_1/production/_ext/1786459361/system_interrupt.o
 .debug_aranges
                0x00000520       0x20 build/pic32mz_ef_sk_Inst_1/production/_ext/1786459361/system_exceptions.o
 .debug_aranges
                0x00000540       0x20 build/pic32mz_ef_sk_Inst_1/production/_ext/1786459361/system_tasks.o
 .debug_aranges
                0x00000560       0x30 build/pic32mz_ef_sk_Inst_1/production/_ext/1360937237/app.o
 .debug_aranges
                0x00000590       0x20 build/pic32mz_ef_sk_Inst_1/production/_ext/1360937237/main.o
 .debug_aranges
                0x000005b0       0x58 build/pic32mz_ef_sk_Inst_1/production/_ext/682638542/datastream.o
 .debug_aranges
                0x00000608       0x20 build/pic32mz_ef_sk_Inst_1/production/_ext/682638542/datastream_usart.o
 .debug_aranges
                0x00000628       0x68 build/pic32mz_ef_sk_Inst_1/production/_ext/1854679915/bootloader.o
 .debug_aranges
                0x00000690       0x58 build/pic32mz_ef_sk_Inst_1/production/_ext/1854679915/nvm.o
 .debug_aranges
                0x000006e8       0x48 build/pic32mz_ef_sk_Inst_1/production/_ext/711155467/sys_int_pic32.o
 .debug_aranges
                0x00000730       0x20 c:/program files/microchip/xc32/v2.40/bin/bin/../../lib/gcc/pic32mx/4.8.3/../../../../pic32mx/lib/fpu64\libpic32.a(default-bootstrap-exception-handler.o)
 .debug_aranges
                0x00000750       0x20 c:/program files/microchip/xc32/v2.40/bin/bin/../../lib/gcc/pic32mx/4.8.3/../../../../pic32mx/lib/fpu64\libpic32.a(default-on-reset.o)
 .debug_aranges
                0x00000770       0x20 c:/program files/microchip/xc32/v2.40/bin/bin/../../lib/gcc/pic32mx/4.8.3/../../../../pic32mx/lib/fpu64\libpic32.a(default-on-bootstrap.o)
 .debug_aranges
                0x00000790       0x20 c:/program files/microchip/xc32/v2.40/bin/bin/../../lib/gcc/pic32mx/4.8.3/../../../../pic32mx/lib/fpu64\libpic32.a(defaultinterrupt.o)
 .debug_aranges
                0x000007b0       0x20 c:/program files/microchip/xc32/v2.40/bin/bin/../../lib/gcc/pic32mx/4.8.3/../../../../pic32mx/lib/fpu64\libpic32.a(default-cache-err-exception-handler.o)
 .debug_aranges
                0x000007d0       0x20 c:/program files/microchip/xc32/v2.40/bin/bin/../../lib/gcc/pic32mx/4.8.3/../../../../pic32mx/lib/fpu64\libpic32.a(default-simple-tlb-refill-exception-handler.o)

.debug_pubnames
 *(.debug_pubnames)

.debug_info     0x00000000    0x231aa
 *(.debug_info .gnu.linkonce.wi.*)
 .debug_info    0x00000000     0x1392 build/pic32mz_ef_sk_Inst_1/production/_ext/1640318959/bsp.o
 .debug_info    0x00001392     0x1ee8 build/pic32mz_ef_sk_Inst_1/production/_ext/1136722066/drv_usart_mapping.o
 .debug_info    0x0000327a     0x482a build/pic32mz_ef_sk_Inst_1/production/_ext/1136722066/drv_usart_static.o
 .debug_info    0x00007aa4     0x1929 build/pic32mz_ef_sk_Inst_1/production/_ext/1136722066/drv_usart_static_byte_model.o
 .debug_info    0x000093cd     0x22c4 build/pic32mz_ef_sk_Inst_1/production/_ext/1780309302/sys_clk_pic32mz.o
 .debug_info    0x0000b691     0x19a0 build/pic32mz_ef_sk_Inst_1/production/_ext/1009006589/sys_devcon.o
 .debug_info    0x0000d031     0x14ac build/pic32mz_ef_sk_Inst_1/production/_ext/1009006589/sys_devcon_pic32mz.o
 .debug_info    0x0000e4dd     0x6227 build/pic32mz_ef_sk_Inst_1/production/_ext/12326810/sys_ports_static.o
 .debug_info    0x00014704      0xc7f build/pic32mz_ef_sk_Inst_1/production/_ext/878487331/sys_reset.o
 .debug_info    0x00015383     0x18d3 build/pic32mz_ef_sk_Inst_1/production/_ext/1786459361/system_init.o
 .debug_info    0x00016c56      0xe1c build/pic32mz_ef_sk_Inst_1/production/_ext/1786459361/system_interrupt.o
 .debug_info    0x00017a72     0x109e build/pic32mz_ef_sk_Inst_1/production/_ext/1786459361/system_exceptions.o
 .debug_info    0x00018b10      0xf6d build/pic32mz_ef_sk_Inst_1/production/_ext/1786459361/system_tasks.o
 .debug_info    0x00019a7d     0x11b6 build/pic32mz_ef_sk_Inst_1/production/_ext/1360937237/app.o
 .debug_info    0x0001ac33      0x1c4 build/pic32mz_ef_sk_Inst_1/production/_ext/1360937237/main.o
 .debug_info    0x0001adf7     0x1310 build/pic32mz_ef_sk_Inst_1/production/_ext/682638542/datastream.o
 .debug_info    0x0001c107      0xf89 build/pic32mz_ef_sk_Inst_1/production/_ext/682638542/datastream_usart.o
 .debug_info    0x0001d090     0x1e26 build/pic32mz_ef_sk_Inst_1/production/_ext/1854679915/bootloader.o
 .debug_info    0x0001eeb6     0x1b2e build/pic32mz_ef_sk_Inst_1/production/_ext/1854679915/nvm.o
 .debug_info    0x000209e4     0x2251 build/pic32mz_ef_sk_Inst_1/production/_ext/711155467/sys_int_pic32.o
 .debug_info    0x00022c35       0xf4 c:/program files/microchip/xc32/v2.40/bin/bin/../../lib/gcc/pic32mx/4.8.3/../../../../pic32mx/lib/fpu64\libpic32.a(default-bootstrap-exception-handler.o)
 .debug_info    0x00022d29       0xcd c:/program files/microchip/xc32/v2.40/bin/bin/../../lib/gcc/pic32mx/4.8.3/../../../../pic32mx/lib/fpu64\libpic32.a(default-on-reset.o)
 .debug_info    0x00022df6       0xd5 c:/program files/microchip/xc32/v2.40/bin/bin/../../lib/gcc/pic32mx/4.8.3/../../../../pic32mx/lib/fpu64\libpic32.a(default-on-bootstrap.o)
 .debug_info    0x00022ecb       0xe7 c:/program files/microchip/xc32/v2.40/bin/bin/../../lib/gcc/pic32mx/4.8.3/../../../../pic32mx/lib/fpu64\libpic32.a(defaultinterrupt.o)
 .debug_info    0x00022fb2       0xf4 c:/program files/microchip/xc32/v2.40/bin/bin/../../lib/gcc/pic32mx/4.8.3/../../../../pic32mx/lib/fpu64\libpic32.a(default-cache-err-exception-handler.o)
 .debug_info    0x000230a6      0x104 c:/program files/microchip/xc32/v2.40/bin/bin/../../lib/gcc/pic32mx/4.8.3/../../../../pic32mx/lib/fpu64\libpic32.a(default-simple-tlb-refill-exception-handler.o)

.debug_abbrev   0x00000000     0x2cd6
 *(.debug_abbrev)
 .debug_abbrev  0x00000000      0x25b build/pic32mz_ef_sk_Inst_1/production/_ext/1640318959/bsp.o
 .debug_abbrev  0x0000025b      0x273 build/pic32mz_ef_sk_Inst_1/production/_ext/1136722066/drv_usart_mapping.o
 .debug_abbrev  0x000004ce      0x3b1 build/pic32mz_ef_sk_Inst_1/production/_ext/1136722066/drv_usart_static.o
 .debug_abbrev  0x0000087f      0x262 build/pic32mz_ef_sk_Inst_1/production/_ext/1136722066/drv_usart_static_byte_model.o
 .debug_abbrev  0x00000ae1      0x2ba build/pic32mz_ef_sk_Inst_1/production/_ext/1780309302/sys_clk_pic32mz.o
 .debug_abbrev  0x00000d9b      0x2cf build/pic32mz_ef_sk_Inst_1/production/_ext/1009006589/sys_devcon.o
 .debug_abbrev  0x0000106a      0x290 build/pic32mz_ef_sk_Inst_1/production/_ext/1009006589/sys_devcon_pic32mz.o
 .debug_abbrev  0x000012fa      0x2dd build/pic32mz_ef_sk_Inst_1/production/_ext/12326810/sys_ports_static.o
 .debug_abbrev  0x000015d7      0x1d8 build/pic32mz_ef_sk_Inst_1/production/_ext/878487331/sys_reset.o
 .debug_abbrev  0x000017af      0x223 build/pic32mz_ef_sk_Inst_1/production/_ext/1786459361/system_init.o
 .debug_abbrev  0x000019d2       0xfd build/pic32mz_ef_sk_Inst_1/production/_ext/1786459361/system_interrupt.o
 .debug_abbrev  0x00001acf      0x12a build/pic32mz_ef_sk_Inst_1/production/_ext/1786459361/system_exceptions.o
 .debug_abbrev  0x00001bf9      0x18f build/pic32mz_ef_sk_Inst_1/production/_ext/1786459361/system_tasks.o
 .debug_abbrev  0x00001d88      0x1b1 build/pic32mz_ef_sk_Inst_1/production/_ext/1360937237/app.o
 .debug_abbrev  0x00001f39       0x93 build/pic32mz_ef_sk_Inst_1/production/_ext/1360937237/main.o
 .debug_abbrev  0x00001fcc      0x25a build/pic32mz_ef_sk_Inst_1/production/_ext/682638542/datastream.o
 .debug_abbrev  0x00002226      0x16e build/pic32mz_ef_sk_Inst_1/production/_ext/682638542/datastream_usart.o
 .debug_abbrev  0x00002394      0x368 build/pic32mz_ef_sk_Inst_1/production/_ext/1854679915/bootloader.o
 .debug_abbrev  0x000026fc      0x2c7 build/pic32mz_ef_sk_Inst_1/production/_ext/1854679915/nvm.o
 .debug_abbrev  0x000029c3      0x223 build/pic32mz_ef_sk_Inst_1/production/_ext/711155467/sys_int_pic32.o
 .debug_abbrev  0x00002be6       0x28 c:/program files/microchip/xc32/v2.40/bin/bin/../../lib/gcc/pic32mx/4.8.3/../../../../pic32mx/lib/fpu64\libpic32.a(default-bootstrap-exception-handler.o)
 .debug_abbrev  0x00002c0e       0x28 c:/program files/microchip/xc32/v2.40/bin/bin/../../lib/gcc/pic32mx/4.8.3/../../../../pic32mx/lib/fpu64\libpic32.a(default-on-reset.o)
 .debug_abbrev  0x00002c36       0x28 c:/program files/microchip/xc32/v2.40/bin/bin/../../lib/gcc/pic32mx/4.8.3/../../../../pic32mx/lib/fpu64\libpic32.a(default-on-bootstrap.o)
 .debug_abbrev  0x00002c5e       0x28 c:/program files/microchip/xc32/v2.40/bin/bin/../../lib/gcc/pic32mx/4.8.3/../../../../pic32mx/lib/fpu64\libpic32.a(defaultinterrupt.o)
 .debug_abbrev  0x00002c86       0x28 c:/program files/microchip/xc32/v2.40/bin/bin/../../lib/gcc/pic32mx/4.8.3/../../../../pic32mx/lib/fpu64\libpic32.a(default-cache-err-exception-handler.o)
 .debug_abbrev  0x00002cae       0x28 c:/program files/microchip/xc32/v2.40/bin/bin/../../lib/gcc/pic32mx/4.8.3/../../../../pic32mx/lib/fpu64\libpic32.a(default-simple-tlb-refill-exception-handler.o)

.debug_line     0x00000000     0x588a
 *(.debug_line)
 .debug_line    0x00000000      0x36b build/pic32mz_ef_sk_Inst_1/production/_ext/1640318959/bsp.o
 .debug_line    0x0000036b      0x4f4 build/pic32mz_ef_sk_Inst_1/production/_ext/1136722066/drv_usart_mapping.o
 .debug_line    0x0000085f      0x77c build/pic32mz_ef_sk_Inst_1/production/_ext/1136722066/drv_usart_static.o
 .debug_line    0x00000fdb      0x390 build/pic32mz_ef_sk_Inst_1/production/_ext/1136722066/drv_usart_static_byte_model.o
 .debug_line    0x0000136b      0x559 build/pic32mz_ef_sk_Inst_1/production/_ext/1780309302/sys_clk_pic32mz.o
 .debug_line    0x000018c4      0x65e build/pic32mz_ef_sk_Inst_1/production/_ext/1009006589/sys_devcon.o
 .debug_line    0x00001f22      0x5a3 build/pic32mz_ef_sk_Inst_1/production/_ext/1009006589/sys_devcon_pic32mz.o
 .debug_line    0x000024c5      0xa37 build/pic32mz_ef_sk_Inst_1/production/_ext/12326810/sys_ports_static.o
 .debug_line    0x00002efc      0x3de build/pic32mz_ef_sk_Inst_1/production/_ext/878487331/sys_reset.o
 .debug_line    0x000032da      0x535 build/pic32mz_ef_sk_Inst_1/production/_ext/1786459361/system_init.o
 .debug_line    0x0000380f      0x11b build/pic32mz_ef_sk_Inst_1/production/_ext/1786459361/system_interrupt.o
 .debug_line    0x0000392a      0x254 build/pic32mz_ef_sk_Inst_1/production/_ext/1786459361/system_exceptions.o
 .debug_line    0x00003b7e      0x2af build/pic32mz_ef_sk_Inst_1/production/_ext/1786459361/system_tasks.o
 .debug_line    0x00003e2d      0x2d8 build/pic32mz_ef_sk_Inst_1/production/_ext/1360937237/app.o
 .debug_line    0x00004105       0xce build/pic32mz_ef_sk_Inst_1/production/_ext/1360937237/main.o
 .debug_line    0x000041d3      0x316 build/pic32mz_ef_sk_Inst_1/production/_ext/682638542/datastream.o
 .debug_line    0x000044e9      0x2d2 build/pic32mz_ef_sk_Inst_1/production/_ext/682638542/datastream_usart.o
 .debug_line    0x000047bb      0x4ad build/pic32mz_ef_sk_Inst_1/production/_ext/1854679915/bootloader.o
 .debug_line    0x00004c68      0x583 build/pic32mz_ef_sk_Inst_1/production/_ext/1854679915/nvm.o
 .debug_line    0x000051eb      0x2d6 build/pic32mz_ef_sk_Inst_1/production/_ext/711155467/sys_int_pic32.o
 .debug_line    0x000054c1       0xa6 c:/program files/microchip/xc32/v2.40/bin/bin/../../lib/gcc/pic32mx/4.8.3/../../../../pic32mx/lib/fpu64\libpic32.a(default-bootstrap-exception-handler.o)
 .debug_line    0x00005567       0x93 c:/program files/microchip/xc32/v2.40/bin/bin/../../lib/gcc/pic32mx/4.8.3/../../../../pic32mx/lib/fpu64\libpic32.a(default-on-reset.o)
 .debug_line    0x000055fa       0x97 c:/program files/microchip/xc32/v2.40/bin/bin/../../lib/gcc/pic32mx/4.8.3/../../../../pic32mx/lib/fpu64\libpic32.a(default-on-bootstrap.o)
 .debug_line    0x00005691       0xa5 c:/program files/microchip/xc32/v2.40/bin/bin/../../lib/gcc/pic32mx/4.8.3/../../../../pic32mx/lib/fpu64\libpic32.a(defaultinterrupt.o)
 .debug_line    0x00005736       0xa6 c:/program files/microchip/xc32/v2.40/bin/bin/../../lib/gcc/pic32mx/4.8.3/../../../../pic32mx/lib/fpu64\libpic32.a(default-cache-err-exception-handler.o)
 .debug_line    0x000057dc       0xae c:/program files/microchip/xc32/v2.40/bin/bin/../../lib/gcc/pic32mx/4.8.3/../../../../pic32mx/lib/fpu64\libpic32.a(default-simple-tlb-refill-exception-handler.o)

.debug_frame    0x00000000     0x108c
 *(.debug_frame)
 .debug_frame   0x00000000       0xbc build/pic32mz_ef_sk_Inst_1/production/_ext/1640318959/bsp.o
 .debug_frame   0x000000bc      0x268 build/pic32mz_ef_sk_Inst_1/production/_ext/1136722066/drv_usart_mapping.o
 .debug_frame   0x00000324       0xdc build/pic32mz_ef_sk_Inst_1/production/_ext/1136722066/drv_usart_static.o
 .debug_frame   0x00000400       0x70 build/pic32mz_ef_sk_Inst_1/production/_ext/1136722066/drv_usart_static_byte_model.o
 .debug_frame   0x00000470       0xa4 build/pic32mz_ef_sk_Inst_1/production/_ext/1780309302/sys_clk_pic32mz.o
 .debug_frame   0x00000514       0xf4 build/pic32mz_ef_sk_Inst_1/production/_ext/1009006589/sys_devcon.o
 .debug_frame   0x00000608      0x278 build/pic32mz_ef_sk_Inst_1/production/_ext/1009006589/sys_devcon_pic32mz.o
 .debug_frame   0x00000880      0x27c build/pic32mz_ef_sk_Inst_1/production/_ext/12326810/sys_ports_static.o
 .debug_frame   0x00000afc       0x50 build/pic32mz_ef_sk_Inst_1/production/_ext/878487331/sys_reset.o
 .debug_frame   0x00000b4c       0x3c build/pic32mz_ef_sk_Inst_1/production/_ext/1786459361/system_init.o
 .debug_frame   0x00000b88       0x28 build/pic32mz_ef_sk_Inst_1/production/_ext/1786459361/system_exceptions.o
 .debug_frame   0x00000bb0       0x2c build/pic32mz_ef_sk_Inst_1/production/_ext/1786459361/system_tasks.o
 .debug_frame   0x00000bdc       0x58 build/pic32mz_ef_sk_Inst_1/production/_ext/1360937237/app.o
 .debug_frame   0x00000c34       0x28 build/pic32mz_ef_sk_Inst_1/production/_ext/1360937237/main.o
 .debug_frame   0x00000c5c       0xac build/pic32mz_ef_sk_Inst_1/production/_ext/682638542/datastream.o
 .debug_frame   0x00000d08       0x30 build/pic32mz_ef_sk_Inst_1/production/_ext/682638542/datastream_usart.o
 .debug_frame   0x00000d38       0xdc build/pic32mz_ef_sk_Inst_1/production/_ext/1854679915/bootloader.o
 .debug_frame   0x00000e14       0xf4 build/pic32mz_ef_sk_Inst_1/production/_ext/1854679915/nvm.o
 .debug_frame   0x00000f08       0xa0 build/pic32mz_ef_sk_Inst_1/production/_ext/711155467/sys_int_pic32.o
 .debug_frame   0x00000fa8       0x2c c:/program files/microchip/xc32/v2.40/bin/bin/../../lib/gcc/pic32mx/4.8.3/../../../../pic32mx/lib/fpu64\libpic32.a(default-bootstrap-exception-handler.o)
 .debug_frame   0x00000fd4       0x20 c:/program files/microchip/xc32/v2.40/bin/bin/../../lib/gcc/pic32mx/4.8.3/../../../../pic32mx/lib/fpu64\libpic32.a(default-on-reset.o)
 .debug_frame   0x00000ff4       0x20 c:/program files/microchip/xc32/v2.40/bin/bin/../../lib/gcc/pic32mx/4.8.3/../../../../pic32mx/lib/fpu64\libpic32.a(default-on-bootstrap.o)
 .debug_frame   0x00001014       0x20 c:/program files/microchip/xc32/v2.40/bin/bin/../../lib/gcc/pic32mx/4.8.3/../../../../pic32mx/lib/fpu64\libpic32.a(defaultinterrupt.o)
 .debug_frame   0x00001034       0x2c c:/program files/microchip/xc32/v2.40/bin/bin/../../lib/gcc/pic32mx/4.8.3/../../../../pic32mx/lib/fpu64\libpic32.a(default-cache-err-exception-handler.o)
 .debug_frame   0x00001060       0x2c c:/program files/microchip/xc32/v2.40/bin/bin/../../lib/gcc/pic32mx/4.8.3/../../../../pic32mx/lib/fpu64\libpic32.a(default-simple-tlb-refill-exception-handler.o)

.debug_str      0x00000000      0x2cc
 *(.debug_str)
 .debug_str     0x00000000       0x15 build/pic32mz_ef_sk_Inst_1/production/_ext/1640318959/bsp.o
 .debug_str     0x00000015       0x23 build/pic32mz_ef_sk_Inst_1/production/_ext/1136722066/drv_usart_mapping.o
 .debug_str     0x00000038       0xd5 build/pic32mz_ef_sk_Inst_1/production/_ext/1136722066/drv_usart_static.o
 .debug_str     0x0000010d        0xc build/pic32mz_ef_sk_Inst_1/production/_ext/1136722066/drv_usart_static_byte_model.o
 .debug_str     0x00000119       0x46 build/pic32mz_ef_sk_Inst_1/production/_ext/1780309302/sys_clk_pic32mz.o
 .debug_str     0x0000015f       0x16 build/pic32mz_ef_sk_Inst_1/production/_ext/1009006589/sys_devcon.o
 .debug_str     0x00000175       0x1a build/pic32mz_ef_sk_Inst_1/production/_ext/1009006589/sys_devcon_pic32mz.o
 .debug_str     0x0000018f       0xa1 build/pic32mz_ef_sk_Inst_1/production/_ext/12326810/sys_ports_static.o
 .debug_str     0x00000230       0x17 build/pic32mz_ef_sk_Inst_1/production/_ext/878487331/sys_reset.o
 .debug_str     0x00000247        0x0 build/pic32mz_ef_sk_Inst_1/production/_ext/1786459361/system_init.o
 .debug_str     0x00000247        0x0 build/pic32mz_ef_sk_Inst_1/production/_ext/1786459361/system_interrupt.o
 .debug_str     0x00000247        0x0 build/pic32mz_ef_sk_Inst_1/production/_ext/1786459361/system_exceptions.o
 .debug_str     0x00000247        0x0 build/pic32mz_ef_sk_Inst_1/production/_ext/1786459361/system_tasks.o
 .debug_str     0x00000247        0x0 build/pic32mz_ef_sk_Inst_1/production/_ext/1360937237/app.o
 .debug_str     0x00000247        0x0 build/pic32mz_ef_sk_Inst_1/production/_ext/1360937237/main.o
 .debug_str     0x00000247       0x14 build/pic32mz_ef_sk_Inst_1/production/_ext/682638542/datastream.o
 .debug_str     0x0000025b        0x0 build/pic32mz_ef_sk_Inst_1/production/_ext/682638542/datastream_usart.o
 .debug_str     0x0000025b       0x17 build/pic32mz_ef_sk_Inst_1/production/_ext/1854679915/bootloader.o
 .debug_str     0x00000272       0x3d build/pic32mz_ef_sk_Inst_1/production/_ext/1854679915/nvm.o
 .debug_str     0x000002af       0x1d build/pic32mz_ef_sk_Inst_1/production/_ext/711155467/sys_int_pic32.o
 .debug_str     0x000002cc        0x0 c:/program files/microchip/xc32/v2.40/bin/bin/../../lib/gcc/pic32mx/4.8.3/../../../../pic32mx/lib/fpu64\libpic32.a(default-bootstrap-exception-handler.o)
 .debug_str     0x000002cc        0x0 c:/program files/microchip/xc32/v2.40/bin/bin/../../lib/gcc/pic32mx/4.8.3/../../../../pic32mx/lib/fpu64\libpic32.a(default-on-reset.o)
 .debug_str     0x000002cc        0x0 c:/program files/microchip/xc32/v2.40/bin/bin/../../lib/gcc/pic32mx/4.8.3/../../../../pic32mx/lib/fpu64\libpic32.a(default-on-bootstrap.o)
 .debug_str     0x000002cc        0x0 c:/program files/microchip/xc32/v2.40/bin/bin/../../lib/gcc/pic32mx/4.8.3/../../../../pic32mx/lib/fpu64\libpic32.a(defaultinterrupt.o)
 .debug_str     0x000002cc        0x0 c:/program files/microchip/xc32/v2.40/bin/bin/../../lib/gcc/pic32mx/4.8.3/../../../../pic32mx/lib/fpu64\libpic32.a(default-cache-err-exception-handler.o)
 .debug_str     0x000002cc        0x0 c:/program files/microchip/xc32/v2.40/bin/bin/../../lib/gcc/pic32mx/4.8.3/../../../../pic32mx/lib/fpu64\libpic32.a(default-simple-tlb-refill-exception-handler.o)

.debug_loc      0x00000000     0x2528
 *(.debug_loc)
 .debug_loc     0x00000000      0x413 build/pic32mz_ef_sk_Inst_1/production/_ext/1640318959/bsp.o
 .debug_loc     0x00000413      0x6d6 build/pic32mz_ef_sk_Inst_1/production/_ext/1136722066/drv_usart_mapping.o
 .debug_loc     0x00000ae9      0x3de build/pic32mz_ef_sk_Inst_1/production/_ext/1136722066/drv_usart_static.o
 .debug_loc     0x00000ec7       0x13 build/pic32mz_ef_sk_Inst_1/production/_ext/1136722066/drv_usart_static_byte_model.o
 .debug_loc     0x00000eda       0xd7 build/pic32mz_ef_sk_Inst_1/production/_ext/1780309302/sys_clk_pic32mz.o
 .debug_loc     0x00000fb1       0xf0 build/pic32mz_ef_sk_Inst_1/production/_ext/1009006589/sys_devcon.o
 .debug_loc     0x000010a1      0x3fd build/pic32mz_ef_sk_Inst_1/production/_ext/1009006589/sys_devcon_pic32mz.o
 .debug_loc     0x0000149e      0x7ee build/pic32mz_ef_sk_Inst_1/production/_ext/12326810/sys_ports_static.o
 .debug_loc     0x00001c8c       0x42 build/pic32mz_ef_sk_Inst_1/production/_ext/878487331/sys_reset.o
 .debug_loc     0x00001cce       0x21 build/pic32mz_ef_sk_Inst_1/production/_ext/1786459361/system_init.o
 .debug_loc     0x00001cef       0x14 build/pic32mz_ef_sk_Inst_1/production/_ext/1360937237/app.o
 .debug_loc     0x00001d03      0x186 build/pic32mz_ef_sk_Inst_1/production/_ext/682638542/datastream.o
 .debug_loc     0x00001e89      0x22e build/pic32mz_ef_sk_Inst_1/production/_ext/1854679915/bootloader.o
 .debug_loc     0x000020b7      0x371 build/pic32mz_ef_sk_Inst_1/production/_ext/1854679915/nvm.o
 .debug_loc     0x00002428       0x7c build/pic32mz_ef_sk_Inst_1/production/_ext/711155467/sys_int_pic32.o
 .debug_loc     0x000024a4       0x2c c:/program files/microchip/xc32/v2.40/bin/bin/../../lib/gcc/pic32mx/4.8.3/../../../../pic32mx/lib/fpu64\libpic32.a(default-bootstrap-exception-handler.o)
 .debug_loc     0x000024d0       0x2c c:/program files/microchip/xc32/v2.40/bin/bin/../../lib/gcc/pic32mx/4.8.3/../../../../pic32mx/lib/fpu64\libpic32.a(default-cache-err-exception-handler.o)
 .debug_loc     0x000024fc       0x2c c:/program files/microchip/xc32/v2.40/bin/bin/../../lib/gcc/pic32mx/4.8.3/../../../../pic32mx/lib/fpu64\libpic32.a(default-simple-tlb-refill-exception-handler.o)

.debug_macinfo
 *(.debug_macinfo)

.debug_weaknames
 *(.debug_weaknames)

.debug_funcnames
 *(.debug_funcnames)

.debug_typenames
 *(.debug_typenames)

.debug_varnames
 *(.debug_varnames)

.debug_pubtypes
 *(.debug_pubtypes)

.debug_ranges   0x00000000      0x6c8
 *(.debug_ranges)
 .debug_ranges  0x00000000       0x58 build/pic32mz_ef_sk_Inst_1/production/_ext/1640318959/bsp.o
 .debug_ranges  0x00000058       0xa0 build/pic32mz_ef_sk_Inst_1/production/_ext/1136722066/drv_usart_mapping.o
 .debug_ranges  0x000000f8       0x90 build/pic32mz_ef_sk_Inst_1/production/_ext/1136722066/drv_usart_static.o
 .debug_ranges  0x00000188       0x38 build/pic32mz_ef_sk_Inst_1/production/_ext/1136722066/drv_usart_static_byte_model.o
 .debug_ranges  0x000001c0       0x40 build/pic32mz_ef_sk_Inst_1/production/_ext/1780309302/sys_clk_pic32mz.o
 .debug_ranges  0x00000200       0x68 build/pic32mz_ef_sk_Inst_1/production/_ext/1009006589/sys_devcon.o
 .debug_ranges  0x00000268       0xd8 build/pic32mz_ef_sk_Inst_1/production/_ext/1009006589/sys_devcon_pic32mz.o
 .debug_ranges  0x00000340      0x138 build/pic32mz_ef_sk_Inst_1/production/_ext/12326810/sys_ports_static.o
 .debug_ranges  0x00000478       0x28 build/pic32mz_ef_sk_Inst_1/production/_ext/878487331/sys_reset.o
 .debug_ranges  0x000004a0       0x18 build/pic32mz_ef_sk_Inst_1/production/_ext/1786459361/system_init.o
 .debug_ranges  0x000004b8       0x10 build/pic32mz_ef_sk_Inst_1/production/_ext/1786459361/system_exceptions.o
 .debug_ranges  0x000004c8       0x10 build/pic32mz_ef_sk_Inst_1/production/_ext/1786459361/system_tasks.o
 .debug_ranges  0x000004d8       0x20 build/pic32mz_ef_sk_Inst_1/production/_ext/1360937237/app.o
 .debug_ranges  0x000004f8       0x10 build/pic32mz_ef_sk_Inst_1/production/_ext/1360937237/main.o
 .debug_ranges  0x00000508       0x48 build/pic32mz_ef_sk_Inst_1/production/_ext/682638542/datastream.o
 .debug_ranges  0x00000550       0x10 build/pic32mz_ef_sk_Inst_1/production/_ext/682638542/datastream_usart.o
 .debug_ranges  0x00000560       0x58 build/pic32mz_ef_sk_Inst_1/production/_ext/1854679915/bootloader.o
 .debug_ranges  0x000005b8       0x60 build/pic32mz_ef_sk_Inst_1/production/_ext/1854679915/nvm.o
 .debug_ranges  0x00000618       0x50 build/pic32mz_ef_sk_Inst_1/production/_ext/711155467/sys_int_pic32.o
 .debug_ranges  0x00000668       0x10 c:/program files/microchip/xc32/v2.40/bin/bin/../../lib/gcc/pic32mx/4.8.3/../../../../pic32mx/lib/fpu64\libpic32.a(default-bootstrap-exception-handler.o)
 .debug_ranges  0x00000678       0x10 c:/program files/microchip/xc32/v2.40/bin/bin/../../lib/gcc/pic32mx/4.8.3/../../../../pic32mx/lib/fpu64\libpic32.a(default-on-reset.o)
 .debug_ranges  0x00000688       0x10 c:/program files/microchip/xc32/v2.40/bin/bin/../../lib/gcc/pic32mx/4.8.3/../../../../pic32mx/lib/fpu64\libpic32.a(default-on-bootstrap.o)
 .debug_ranges  0x00000698       0x10 c:/program files/microchip/xc32/v2.40/bin/bin/../../lib/gcc/pic32mx/4.8.3/../../../../pic32mx/lib/fpu64\libpic32.a(defaultinterrupt.o)
 .debug_ranges  0x000006a8       0x10 c:/program files/microchip/xc32/v2.40/bin/bin/../../lib/gcc/pic32mx/4.8.3/../../../../pic32mx/lib/fpu64\libpic32.a(default-cache-err-exception-handler.o)
 .debug_ranges  0x000006b8       0x10 c:/program files/microchip/xc32/v2.40/bin/bin/../../lib/gcc/pic32mx/4.8.3/../../../../pic32mx/lib/fpu64\libpic32.a(default-simple-tlb-refill-exception-handler.o)

.gnu.attributes
                0x00000000       0x10
 *(.gnu.attributes)
 .gnu.attributes
                0x00000000       0x10 build/pic32mz_ef_sk_Inst_1/production/_ext/1640318959/bsp.o
 .gnu.attributes
                0x00000010       0x10 build/pic32mz_ef_sk_Inst_1/production/_ext/1136722066/drv_usart_mapping.o
 .gnu.attributes
                0x00000020       0x10 build/pic32mz_ef_sk_Inst_1/production/_ext/1136722066/drv_usart_static.o
 .gnu.attributes
                0x00000030       0x10 build/pic32mz_ef_sk_Inst_1/production/_ext/1136722066/drv_usart_static_byte_model.o
 .gnu.attributes
                0x00000040       0x10 build/pic32mz_ef_sk_Inst_1/production/_ext/1780309302/sys_clk_pic32mz.o
 .gnu.attributes
                0x00000050       0x10 build/pic32mz_ef_sk_Inst_1/production/_ext/1009006589/sys_devcon.o
 .gnu.attributes
                0x00000060       0x10 build/pic32mz_ef_sk_Inst_1/production/_ext/1009006589/sys_devcon_pic32mz.o
 .gnu.attributes
                0x00000070       0x10 build/pic32mz_ef_sk_Inst_1/production/_ext/12326810/sys_ports_static.o
 .gnu.attributes
                0x00000080       0x10 build/pic32mz_ef_sk_Inst_1/production/_ext/878487331/sys_reset.o
 .gnu.attributes
                0x00000090       0x10 build/pic32mz_ef_sk_Inst_1/production/_ext/1786459361/system_init.o
 .gnu.attributes
                0x000000a0       0x10 build/pic32mz_ef_sk_Inst_1/production/_ext/1786459361/system_interrupt.o
 .gnu.attributes
                0x000000b0       0x10 build/pic32mz_ef_sk_Inst_1/production/_ext/1786459361/system_exceptions.o
 .gnu.attributes
                0x000000c0       0x10 build/pic32mz_ef_sk_Inst_1/production/_ext/1786459361/system_tasks.o
 .gnu.attributes
                0x000000d0       0x10 build/pic32mz_ef_sk_Inst_1/production/_ext/1360937237/app.o
 .gnu.attributes
                0x000000e0       0x10 build/pic32mz_ef_sk_Inst_1/production/_ext/1360937237/main.o
 .gnu.attributes
                0x000000f0       0x10 build/pic32mz_ef_sk_Inst_1/production/_ext/682638542/datastream.o
 .gnu.attributes
                0x00000100       0x10 build/pic32mz_ef_sk_Inst_1/production/_ext/682638542/datastream_usart.o
 .gnu.attributes
                0x00000110       0x10 build/pic32mz_ef_sk_Inst_1/production/_ext/1854679915/bootloader.o
 .gnu.attributes
                0x00000120       0x10 build/pic32mz_ef_sk_Inst_1/production/_ext/1854679915/nvm.o
 .gnu.attributes
                0x00000130       0x10 build/pic32mz_ef_sk_Inst_1/production/_ext/711155467/sys_int_pic32.o
 .gnu.attributes
                0x00000140       0x10 c:/program files/microchip/xc32/v2.40/bin/bin/../../lib/gcc/pic32mx/4.8.3/../../../../pic32mx/lib/fpu64\libpic32.a(default-bootstrap-exception-handler.o)
 .gnu.attributes
                0x00000150       0x10 c:/program files/microchip/xc32/v2.40/bin/bin/../../lib/gcc/pic32mx/4.8.3/../../../../pic32mx/lib/fpu64\libpic32.a(default-on-reset.o)
 .gnu.attributes
                0x00000160       0x10 c:/program files/microchip/xc32/v2.40/bin/bin/../../lib/gcc/pic32mx/4.8.3/../../../../pic32mx/lib/fpu64\libpic32.a(default-on-bootstrap.o)
 .gnu.attributes
                0x00000170       0x10 c:/program files/microchip/xc32/v2.40/bin/bin/../../lib/gcc/pic32mx/4.8.3/../../../../pic32mx/lib/fpu64\libpic32.a(defaultinterrupt.o)
 .gnu.attributes
                0x00000180       0x10 c:/program files/microchip/xc32/v2.40/bin/bin/../../lib/gcc/pic32mx/4.8.3/../../../../pic32mx/lib/fpu64\libpic32.a(default-cache-err-exception-handler.o)
 .gnu.attributes
                0x00000190       0x10 c:/program files/microchip/xc32/v2.40/bin/bin/../../lib/gcc/pic32mx/4.8.3/../../../../pic32mx/lib/fpu64\libpic32.a(default-simple-tlb-refill-exception-handler.o)
                0x9d000000                PROVIDE (__pic32_init_cache_program_base_addr, 0x9d000000)
                0x80000000                PROVIDE (__pic32_init_cache_data_base_addr, 0x80000000)
                0xd0000000                PROVIDE (__pic32_init_sqi_kseg2_virtual_base_addr, 0xd0000000)
                0x30000000                PROVIDE (__pic32_init_sqi_kseg2_physical_base_addr, 0x30000000)
                0x0000001f                PROVIDE (__pic32_init_sqi_kseg2_entrylo0_bitset, 0x1f)
                0xd0000000                __pic32_tlb_0_entryhi = __pic32_init_sqi_kseg2_virtual_base_addr
                0x00c0001f                __pic32_tlb_0_entrylo0 = ((__pic32_init_sqi_kseg2_physical_base_addr >> 0x6) | __pic32_init_sqi_kseg2_entrylo0_bitset)
                0x00c8001f                __pic32_tlb_0_entrylo1 = (__pic32_tlb_0_entrylo0 | 0x80000)
                0xf0000000                PROVIDE (__pic32_init_sqi_kseg3_virtual_base_addr, 0xf0000000)
                0x30000000                PROVIDE (__pic32_init_sqi_kseg3_physical_base_addr, 0x30000000)
                0x00000017                PROVIDE (__pic32_init_sqi_kseg3_entrylo0_bitset, 0x17)
                0xf0000000                __pic32_tlb_1_entryhi = __pic32_init_sqi_kseg3_virtual_base_addr
                0x00c00017                __pic32_tlb_1_entrylo0 = ((__pic32_init_sqi_kseg3_physical_base_addr >> 0x6) | __pic32_init_sqi_kseg3_entrylo0_bitset)
                0x00c80017                __pic32_tlb_1_entrylo1 = (__pic32_tlb_1_entrylo0 | 0x80000)
                0xc0000000                PROVIDE (__pic32_init_ebi_kseg2_virtual_base_addr, 0xc0000000)
                0x20000000                PROVIDE (__pic32_init_ebi_kseg2_physical_base_addr, 0x20000000)
                0x0000001f                PROVIDE (__pic32_init_ebi_kseg2_entrylo0_bitset, 0x1f)
                0xc0000000                __pic32_tlb_2_entryhi = __pic32_init_ebi_kseg2_virtual_base_addr
                0x0080001f                __pic32_tlb_2_entrylo0 = ((__pic32_init_ebi_kseg2_physical_base_addr >> 0x6) | __pic32_init_ebi_kseg2_entrylo0_bitset)
                0x0088001f                __pic32_tlb_2_entrylo1 = (__pic32_tlb_2_entrylo0 | 0x80000)
                0xe0000000                PROVIDE (__pic32_init_ebi_kseg3_virtual_base_addr, 0xe0000000)
                0x20000000                PROVIDE (__pic32_init_ebi_kseg3_physical_base_addr, 0x20000000)
                0x00000017                PROVIDE (__pic32_init_ebi_kseg3_entrylo0_bitset, 0x17)
                0xe0000000                __pic32_tlb_3_entryhi = __pic32_init_ebi_kseg3_virtual_base_addr
                0x00800017                __pic32_tlb_3_entrylo0 = ((__pic32_init_ebi_kseg3_physical_base_addr >> 0x6) | __pic32_init_ebi_kseg3_entrylo0_bitset)
                0x00880017                __pic32_tlb_3_entrylo1 = (__pic32_tlb_3_entrylo0 | 0x80000)
                0x00000000                _min_heap_size = 0x0
LOAD C:\Users\afaid\AppData\Local\Temp\cckyG4Xv.o
LOAD C:\Users\afaid\AppData\Local\Temp\cce2wWoP.o
LOAD C:\Users\afaid\AppData\Local\Temp\ccEETkpD.o
LOAD c:/program files/microchip/xc32/v2.40/bin/bin/../../lib/gcc/pic32mx/4.8.3/../../../../pic32mx/lib/./proc/32MZ2048EFM144\default_isr_vectors.o
LOAD c:/program files/microchip/xc32/v2.40/bin/bin/../../lib/gcc/pic32mx/4.8.3/../../../../pic32mx/lib/fpu64\pic32_software_reset.o
LOAD c:/program files/microchip/xc32/v2.40/bin/bin/../../lib/gcc/pic32mx/4.8.3/fpu64\libgcc.a
START GROUP
LOAD c:/program files/microchip/xc32/v2.40/bin/bin/../../lib/gcc/pic32mx/4.8.3/../../../../pic32mx/lib/fpu64\libpic32.a
LOAD c:/program files/microchip/xc32/v2.40/bin/bin/../../lib/gcc/pic32mx/4.8.3/../../../../pic32mx/lib/fpu64\libdebug.a
LOAD c:/program files/microchip/xc32/v2.40/bin/bin/../../lib/gcc/pic32mx/4.8.3/../../../../pic32mx/lib/fpu64\libpic32.a
LOAD c:/program files/microchip/xc32/v2.40/bin/bin/../../lib/gcc/pic32mx/4.8.3/../../../../pic32mx/lib/fpu64\libc.a
LOAD c:/program files/microchip/xc32/v2.40/bin/bin/../../lib/gcc/pic32mx/4.8.3/../../../../pic32mx/lib/fpu64\libc.a
LOAD c:/program files/microchip/xc32/v2.40/bin/bin/../../lib/gcc/pic32mx/4.8.3/../../../../pic32mx/lib/fpu64\libmfd.a
LOAD c:/program files/microchip/xc32/v2.40/bin/bin/../../lib/gcc/pic32mx/4.8.3/../../../../pic32mx/lib/fpu64\libm.a
LOAD c:/program files/microchip/xc32/v2.40/bin/bin/../../lib/gcc/pic32mx/4.8.3/../../../../pic32mx/lib/fpu64\libe.a
LOAD c:/program files/microchip/xc32/v2.40/bin/bin/../../lib/gcc/pic32mx/4.8.3/../../../../pic32mx/lib/fpu64\libdspr2.a
LOAD c:/program files/microchip/xc32/v2.40/bin/bin/../../lib/gcc/pic32mx/4.8.3/../../../../pic32mx/lib/fpu64\libdsp.a
LOAD c:/program files/microchip/xc32/v2.40/bin/bin/../../lib/gcc/pic32mx/4.8.3/fpu64\libgcc.a
LOAD c:/program files/microchip/xc32/v2.40/bin/bin/../../lib/gcc/pic32mx/4.8.3/../../../../pic32mx/lib/fpu64\libpic32.a
END GROUP
LOAD c:/program files/microchip/xc32/v2.40/bin/bin/../../lib/gcc/pic32mx/4.8.3/fpu64\libgcc.a
OUTPUT(dist/pic32mz_ef_sk_Inst_1/production/LiveUpdate_App.X.production.elf elf32-tradlittlemips)
LOAD stack
LOAD data_init

.reginfo        0x00000000       0x18
 .reginfo       0x00000000       0x18 c:/program files/microchip/xc32/v2.40/bin/bin/../../lib/gcc/pic32mx/4.8.3/../../../../pic32mx/lib/fpu64\debug-exception-return.o

.stack          0x80000508       0x10
 .stack         0x80000508       0x10 stack

.__vector_offset_BF810540_data
                0xbf810540      0x1b0
 .__vector_offset_BF810540_data